[Sat Mar 14 10:13:54.648237 2026] [core:info] [pid 6116:tid 1144] [client 192.168.220.142:49322] AH00128: File does not exist: C:/Wettkampf/auswertung/grading/static/django_htmx/htmx.min.js, referer: http://192.168.220.136/grading/112/save_grade/
[Sat Mar 14 10:13:54.656458 2026] [core:info] [pid 6116:tid 1136] [client 192.168.220.142:49896] AH00128: File does not exist: C:/Wettkampf/auswertung/grading/static/django_htmx/django-htmx.js, referer: http://192.168.220.136/grading/112/save_grade/
[Sat Mar 14 10:15:08.573751 2026] [core:info] [pid 6116:tid 1136] [client 192.168.220.144:50490] AH00128: File does not exist: C:/Wettkampf/auswertung/grading/static/django_htmx/htmx.min.js, referer: http://192.168.220.136/grading/33/save_grade/
[Sat Mar 14 10:15:08.581407 2026] [core:info] [pid 6116:tid 1144] [client 192.168.220.144:57712] AH00128: File does not exist: C:/Wettkampf/auswertung/grading/static/django_htmx/django-htmx.js, referer: http://192.168.220.136/grading/33/save_grade/
[Sat Mar 14 10:15:10.889490 2026] [core:info] [pid 6116:tid 1144] [client 192.168.220.144:57712] AH00128: File does not exist: C:/Wettkampf/auswertung/grading/static/django_htmx/htmx.min.js, referer: http://192.168.220.136/grading/
[Sat Mar 14 10:15:10.891576 2026] [core:info] [pid 6116:tid 1136] [client 192.168.220.144:50490] AH00128: File does not exist: C:/Wettkampf/auswertung/grading/static/django_htmx/django-htmx.js, referer: http://192.168.220.136/grading/
[Sat Mar 14 10:15:11.859350 2026] [core:info] [pid 6116:tid 1132] [client 192.168.220.143:45634] AH00128: File does not exist: C:/Wettkampf/auswertung/grading/static/django_htmx/htmx.min.js, referer: http://192.168.220.136/grading/102/save_grade/
[Sat Mar 14 10:15:11.880111 2026] [core:info] [pid 6116:tid 1148] [client 192.168.220.143:45646] AH00128: File does not exist: C:/Wettkampf/auswertung/grading/static/django_htmx/django-htmx.js, referer: http://192.168.220.136/grading/102/save_grade/
[Sat Mar 14 10:15:16.637836 2026] [core:info] [pid 6116:tid 1144] [client 192.168.220.144:57718] AH00128: File does not exist: C:/Wettkampf/auswertung/grading/static/django_htmx/htmx.min.js, referer: http://192.168.220.136/grading/39/
[Sat Mar 14 10:15:16.650277 2026] [core:info] [pid 6116:tid 1136] [client 192.168.220.144:58388] AH00128: File does not exist: C:/Wettkampf/auswertung/grading/static/django_htmx/django-htmx.js, referer: http://192.168.220.136/grading/39/
[Sat Mar 14 10:15:37.451957 2026] [core:info] [pid 6116:tid 1136] [client 192.168.220.144:58378] AH00128: File does not exist: C:/Wettkampf/auswertung/grading/static/django_htmx/htmx.min.js, referer: http://192.168.220.136/grading/39/grade/?cid=17&did=6
[Sat Mar 14 10:15:37.463915 2026] [core:info] [pid 6116:tid 1144] [client 192.168.220.144:59770] AH00128: File does not exist: C:/Wettkampf/auswertung/grading/static/django_htmx/django-htmx.js, referer: http://192.168.220.136/grading/39/grade/?cid=17&did=6
[Sat Mar 14 10:18:01.517097 2026] [core:info] [pid 6116:tid 1148] [client 192.168.220.138:59435] AH00128: File does not exist: C:/Wettkampf/auswertung/grading/static/django_htmx/htmx.min.js, referer: http://192.168.220.136/accounts/login/?next=/grading/
[Sat Mar 14 10:18:01.521143 2026] [core:info] [pid 6116:tid 1132] [client 192.168.220.138:59436] AH00128: File does not exist: C:/Wettkampf/auswertung/grading/static/django_htmx/django-htmx.js, referer: http://192.168.220.136/accounts/login/?next=/grading/
[Sat Mar 14 10:18:01.567545 2026] [core:info] [pid 6116:tid 1148] [client 192.168.220.138:59435] AH00128: File does not exist: C:/Wettkampf/auswertung/grading/static/django_htmx/django-htmx.js, referer: http://192.168.220.136/accounts/login/?next=/grading/
[Sat Mar 14 10:18:01.567545 2026] [core:info] [pid 6116:tid 1136] [client 192.168.220.138:59434] AH00128: File does not exist: C:/Wettkampf/auswertung/grading/static/django_htmx/htmx.min.js, referer: http://192.168.220.136/accounts/login/?next=/grading/
[Sat Mar 14 10:18:05.967201 2026] [core:info] [pid 6116:tid 1132] [client 192.168.220.138:59436] AH00128: File does not exist: C:/Wettkampf/auswertung/grading/static/django_htmx/htmx.min.js, referer: http://192.168.220.136/grading/
[Sat Mar 14 10:18:05.967201 2026] [core:info] [pid 6116:tid 1144] [client 192.168.220.138:59433] AH00128: File does not exist: C:/Wettkampf/auswertung/grading/static/django_htmx/django-htmx.js, referer: http://192.168.220.136/grading/
[Sat Mar 14 10:18:07.920780 2026] [core:info] [pid 6116:tid 1132] [client 192.168.220.138:59436] AH00128: File does not exist: C:/Wettkampf/auswertung/grading/static/django_htmx/htmx.min.js, referer: http://192.168.220.136/grading/all_results/
[Sat Mar 14 10:18:07.920780 2026] [core:info] [pid 6116:tid 1144] [client 192.168.220.138:59433] AH00128: File does not exist: C:/Wettkampf/auswertung/grading/static/django_htmx/django-htmx.js, referer: http://192.168.220.136/grading/all_results/
[Sat Mar 14 10:18:18.755370 2026] [core:info] [pid 6116:tid 1132] [client 192.168.220.144:33888] AH00128: File does not exist: C:/Wettkampf/auswertung/grading/static/django_htmx/htmx.min.js, referer: http://192.168.220.136/grading/39/save_grade/
[Sat Mar 14 10:18:18.825688 2026] [core:info] [pid 6116:tid 1132] [client 192.168.220.144:33888] AH00128: File does not exist: C:/Wettkampf/auswertung/grading/static/django_htmx/django-htmx.js, referer: http://192.168.220.136/grading/39/save_grade/
[Sat Mar 14 10:18:20.810958 2026] [core:info] [pid 6116:tid 1132] [client 192.168.220.144:33888] AH00128: File does not exist: C:/Wettkampf/auswertung/grading/static/django_htmx/htmx.min.js, referer: http://192.168.220.136/grading/
[Sat Mar 14 10:18:20.810958 2026] [core:info] [pid 6116:tid 1144] [client 192.168.220.144:58016] AH00128: File does not exist: C:/Wettkampf/auswertung/grading/static/django_htmx/django-htmx.js, referer: http://192.168.220.136/grading/
[Sat Mar 14 10:18:24.381000 2026] [core:info] [pid 6116:tid 1144] [client 192.168.220.144:58016] AH00128: File does not exist: C:/Wettkampf/auswertung/grading/static/django_htmx/htmx.min.js, referer: http://192.168.220.136/grading/40/
[Sat Mar 14 10:18:24.396842 2026] [core:info] [pid 6116:tid 1132] [client 192.168.220.144:33888] AH00128: File does not exist: C:/Wettkampf/auswertung/grading/static/django_htmx/django-htmx.js, referer: http://192.168.220.136/grading/40/
[Sat Mar 14 10:18:27.773080 2026] [core:info] [pid 6116:tid 1132] [client 192.168.220.144:33888] AH00128: File does not exist: C:/Wettkampf/auswertung/grading/static/django_htmx/htmx.min.js, referer: http://192.168.220.136/grading/40/grade/?cid=17&did=6
[Sat Mar 14 10:18:27.773080 2026] [core:info] [pid 6116:tid 1144] [client 192.168.220.144:58016] AH00128: File does not exist: C:/Wettkampf/auswertung/grading/static/django_htmx/django-htmx.js, referer: http://192.168.220.136/grading/40/grade/?cid=17&did=6
[Sat Mar 14 10:19:49.377373 2026] [core:info] [pid 6116:tid 1132] [client 192.168.220.144:33542] AH00128: File does not exist: C:/Wettkampf/auswertung/grading/static/django_htmx/htmx.min.js, referer: http://192.168.220.136/grading/40/save_grade/
[Sat Mar 14 10:19:49.413719 2026] [core:info] [pid 6116:tid 1144] [client 192.168.220.144:33550] AH00128: File does not exist: C:/Wettkampf/auswertung/grading/static/django_htmx/django-htmx.js, referer: http://192.168.220.136/grading/40/save_grade/
[Sat Mar 14 10:20:16.676324 2026] [core:info] [pid 6116:tid 1144] [client 192.168.220.144:48474] AH00128: File does not exist: C:/Wettkampf/auswertung/grading/static/django_htmx/htmx.min.js, referer: http://192.168.220.136/grading/
[Sat Mar 14 10:20:16.676324 2026] [core:info] [pid 6116:tid 1132] [client 192.168.220.144:42790] AH00128: File does not exist: C:/Wettkampf/auswertung/grading/static/django_htmx/django-htmx.js, referer: http://192.168.220.136/grading/
[Sat Mar 14 10:20:46.843981 2026] [core:info] [pid 6116:tid 1132] [client 192.168.220.144:57288] AH00128: File does not exist: C:/Wettkampf/auswertung/grading/static/django_htmx/htmx.min.js, referer: http://192.168.220.136/grading/101/
[Sat Mar 14 10:20:46.860038 2026] [core:info] [pid 6116:tid 1132] [client 192.168.220.144:57288] AH00128: File does not exist: C:/Wettkampf/auswertung/grading/static/django_htmx/django-htmx.js, referer: http://192.168.220.136/grading/101/
[Sat Mar 14 10:20:50.221000 2026] [core:info] [pid 6116:tid 1132] [client 192.168.220.144:57288] AH00128: File does not exist: C:/Wettkampf/auswertung/grading/static/django_htmx/htmx.min.js, referer: http://192.168.220.136/grading/101/grade/?cid=1&did=6
[Sat Mar 14 10:20:50.223031 2026] [core:info] [pid 6116:tid 1144] [client 192.168.220.144:57298] AH00128: File does not exist: C:/Wettkampf/auswertung/grading/static/django_htmx/django-htmx.js, referer: http://192.168.220.136/grading/101/grade/?cid=1&did=6
[Sat Mar 14 10:21:47.663603 2026] [core:info] [pid 6116:tid 1132] [client 192.168.220.143:33276] AH00128: File does not exist: C:/Wettkampf/auswertung/grading/static/django_htmx/htmx.min.js, referer: http://192.168.220.136/grading/108/grade/?sid_search=108
[Sat Mar 14 10:21:47.663603 2026] [core:info] [pid 6116:tid 1136] [client 192.168.220.143:33280] AH00128: File does not exist: C:/Wettkampf/auswertung/grading/static/django_htmx/django-htmx.js, referer: http://192.168.220.136/grading/108/grade/?sid_search=108
[Sat Mar 14 10:21:49.284759 2026] [core:info] [pid 6116:tid 1144] [client 192.168.220.139:38038] AH00128: File does not exist: C:/Wettkampf/auswertung/grading/static/django_htmx/htmx.min.js, referer: http://192.168.220.136/grading/3/save_grade/
[Sat Mar 14 10:21:49.300590 2026] [core:info] [pid 6116:tid 1148] [client 192.168.220.139:37724] AH00128: File does not exist: C:/Wettkampf/auswertung/grading/static/django_htmx/django-htmx.js, referer: http://192.168.220.136/grading/3/save_grade/
[Sat Mar 14 10:22:11.629831 2026] [core:info] [pid 6116:tid 1136] [client 192.168.220.139:45048] AH00128: File does not exist: C:/Wettkampf/auswertung/grading/static/django_htmx/htmx.min.js, referer: http://192.168.220.136/grading/14/grade/?sid_search=14
[Sat Mar 14 10:22:11.643344 2026] [core:info] [pid 6116:tid 1148] [client 192.168.220.139:45058] AH00128: File does not exist: C:/Wettkampf/auswertung/grading/static/django_htmx/django-htmx.js, referer: http://192.168.220.136/grading/14/grade/?sid_search=14
[Sat Mar 14 10:22:18.772918 2026] [core:info] [pid 6116:tid 1144] [client 192.168.220.141:41458] AH00128: File does not exist: C:/Wettkampf/auswertung/grading/static/django_htmx/htmx.min.js, referer: http://192.168.220.136/grading/1/
[Sat Mar 14 10:22:18.776530 2026] [core:info] [pid 6116:tid 1148] [client 192.168.220.141:41466] AH00128: File does not exist: C:/Wettkampf/auswertung/grading/static/django_htmx/django-htmx.js, referer: http://192.168.220.136/grading/1/
[Sat Mar 14 10:22:30.939527 2026] [core:info] [pid 6116:tid 1144] [client 192.168.220.141:50552] AH00128: File does not exist: C:/Wettkampf/auswertung/grading/static/django_htmx/htmx.min.js, referer: http://192.168.220.136/grading/1/grade/?cid=19&did=3
[Sat Mar 14 10:22:30.943584 2026] [core:info] [pid 6116:tid 1148] [client 192.168.220.141:50556] AH00128: File does not exist: C:/Wettkampf/auswertung/grading/static/django_htmx/django-htmx.js, referer: http://192.168.220.136/grading/1/grade/?cid=19&did=3
[Sat Mar 14 10:22:34.024616 2026] [core:info] [pid 6116:tid 1136] [client 192.168.220.139:49004] AH00128: File does not exist: C:/Wettkampf/auswertung/grading/static/django_htmx/htmx.min.js, referer: http://192.168.220.136/grading/14/save_grade/
[Sat Mar 14 10:22:34.048849 2026] [core:info] [pid 6116:tid 1132] [client 192.168.220.139:49014] AH00128: File does not exist: C:/Wettkampf/auswertung/grading/static/django_htmx/django-htmx.js, referer: http://192.168.220.136/grading/14/save_grade/
[Sat Mar 14 10:22:49.185299 2026] [core:info] [pid 6116:tid 1148] [client 192.168.220.144:60350] AH00128: File does not exist: C:/Wettkampf/auswertung/grading/static/django_htmx/htmx.min.js, referer: http://192.168.220.136/grading/
[Sat Mar 14 10:22:49.191672 2026] [core:info] [pid 6116:tid 1152] [client 192.168.220.144:60366] AH00128: File does not exist: C:/Wettkampf/auswertung/grading/static/django_htmx/django-htmx.js, referer: http://192.168.220.136/grading/
[Sat Mar 14 10:22:52.751868 2026] [core:info] [pid 6116:tid 1124] [client 192.168.220.139:46294] AH00128: File does not exist: C:/Wettkampf/auswertung/grading/static/django_htmx/htmx.min.js, referer: http://192.168.220.136/grading/31/grade/?sid_search=31
[Sat Mar 14 10:22:52.760205 2026] [core:info] [pid 6116:tid 1132] [client 192.168.220.139:46296] AH00128: File does not exist: C:/Wettkampf/auswertung/grading/static/django_htmx/django-htmx.js, referer: http://192.168.220.136/grading/31/grade/?sid_search=31
[Sat Mar 14 10:22:55.608671 2026] [core:info] [pid 6116:tid 1152] [client 192.168.220.144:60374] AH00128: File does not exist: C:/Wettkampf/auswertung/grading/static/django_htmx/htmx.min.js, referer: http://192.168.220.136/grading/104/
[Sat Mar 14 10:22:55.614703 2026] [core:info] [pid 6116:tid 1148] [client 192.168.220.144:60376] AH00128: File does not exist: C:/Wettkampf/auswertung/grading/static/django_htmx/django-htmx.js, referer: http://192.168.220.136/grading/104/
[Sat Mar 14 10:22:58.812406 2026] [core:info] [pid 6116:tid 1148] [client 192.168.220.144:60376] AH00128: File does not exist: C:/Wettkampf/auswertung/grading/static/django_htmx/htmx.min.js, referer: http://192.168.220.136/grading/104/grade/?cid=4&did=6
[Sat Mar 14 10:22:58.828075 2026] [core:info] [pid 6116:tid 1152] [client 192.168.220.144:60374] AH00128: File does not exist: C:/Wettkampf/auswertung/grading/static/django_htmx/django-htmx.js, referer: http://192.168.220.136/grading/104/grade/?cid=4&did=6
[Sat Mar 14 10:23:17.601842 2026] [core:info] [pid 6116:tid 1152] [client 192.168.220.139:38140] AH00128: File does not exist: C:/Wettkampf/auswertung/grading/static/django_htmx/htmx.min.js, referer: http://192.168.220.136/grading/31/save_grade/
[Sat Mar 14 10:23:17.633568 2026] [core:info] [pid 6116:tid 1148] [client 192.168.220.139:59580] AH00128: File does not exist: C:/Wettkampf/auswertung/grading/static/django_htmx/django-htmx.js, referer: http://192.168.220.136/grading/31/save_grade/
[Sat Mar 14 10:23:30.011963 2026] [core:info] [pid 6116:tid 1132] [client 192.168.220.139:35498] AH00128: File does not exist: C:/Wettkampf/auswertung/grading/static/django_htmx/htmx.min.js, referer: http://192.168.220.136/grading/32/grade/?sid_search=32
[Sat Mar 14 10:23:30.033598 2026] [core:info] [pid 6116:tid 1136] [client 192.168.220.139:35510] AH00128: File does not exist: C:/Wettkampf/auswertung/grading/static/django_htmx/django-htmx.js, referer: http://192.168.220.136/grading/32/grade/?sid_search=32
[Sat Mar 14 10:23:48.138554 2026] [core:info] [pid 6116:tid 1132] [client 192.168.220.139:50758] AH00128: File does not exist: C:/Wettkampf/auswertung/grading/static/django_htmx/htmx.min.js, referer: http://192.168.220.136/grading/32/save_grade/
[Sat Mar 14 10:23:48.144588 2026] [core:info] [pid 6116:tid 1136] [client 192.168.220.139:34832] AH00128: File does not exist: C:/Wettkampf/auswertung/grading/static/django_htmx/django-htmx.js, referer: http://192.168.220.136/grading/32/save_grade/
[Sat Mar 14 10:24:00.669955 2026] [core:info] [pid 6116:tid 1124] [client 192.168.220.139:35748] AH00128: File does not exist: C:/Wettkampf/auswertung/grading/static/django_htmx/htmx.min.js, referer: http://192.168.220.136/grading/34/grade/?sid_search=34
[Sat Mar 14 10:24:00.685392 2026] [core:info] [pid 6116:tid 1132] [client 192.168.220.139:35754] AH00128: File does not exist: C:/Wettkampf/auswertung/grading/static/django_htmx/django-htmx.js, referer: http://192.168.220.136/grading/34/grade/?sid_search=34
[Sat Mar 14 10:24:19.592906 2026] [core:info] [pid 6116:tid 1132] [client 192.168.220.139:43748] AH00128: File does not exist: C:/Wettkampf/auswertung/grading/static/django_htmx/htmx.min.js, referer: http://192.168.220.136/grading/34/save_grade/
[Sat Mar 14 10:24:19.594431 2026] [core:info] [pid 6116:tid 1124] [client 192.168.220.139:48108] AH00128: File does not exist: C:/Wettkampf/auswertung/grading/static/django_htmx/django-htmx.js, referer: http://192.168.220.136/grading/34/save_grade/
[Sat Mar 14 10:24:30.743694 2026] [core:info] [pid 6116:tid 1124] [client 192.168.220.139:45316] AH00128: File does not exist: C:/Wettkampf/auswertung/grading/static/django_htmx/htmx.min.js, referer: http://192.168.220.136/grading/2/grade/?sid_search=2
[Sat Mar 14 10:24:30.759585 2026] [core:info] [pid 6116:tid 1132] [client 192.168.220.139:45326] AH00128: File does not exist: C:/Wettkampf/auswertung/grading/static/django_htmx/django-htmx.js, referer: http://192.168.220.136/grading/2/grade/?sid_search=2
[Sat Mar 14 10:24:46.340744 2026] [core:info] [pid 6116:tid 1132] [client 192.168.220.140:41962] AH00128: File does not exist: C:/Wettkampf/auswertung/grading/static/django_htmx/htmx.min.js, referer: http://192.168.220.136/grading/3/grade/?sid_search=3
[Sat Mar 14 10:24:46.356577 2026] [core:info] [pid 6116:tid 1124] [client 192.168.220.140:41966] AH00128: File does not exist: C:/Wettkampf/auswertung/grading/static/django_htmx/django-htmx.js, referer: http://192.168.220.136/grading/3/grade/?sid_search=3
[Sat Mar 14 10:24:53.172180 2026] [core:info] [pid 6116:tid 1148] [client 192.168.220.139:48192] AH00128: File does not exist: C:/Wettkampf/auswertung/grading/static/django_htmx/htmx.min.js, referer: http://192.168.220.136/grading/2/save_grade/
[Sat Mar 14 10:24:53.174254 2026] [core:info] [pid 6116:tid 1136] [client 192.168.220.139:48194] AH00128: File does not exist: C:/Wettkampf/auswertung/grading/static/django_htmx/django-htmx.js, referer: http://192.168.220.136/grading/2/save_grade/
[Sat Mar 14 10:24:54.100599 2026] [core:info] [pid 6116:tid 1124] [client 192.168.220.141:36958] AH00128: File does not exist: C:/Wettkampf/auswertung/grading/static/django_htmx/htmx.min.js, referer: http://192.168.220.136/grading/
[Sat Mar 14 10:24:54.115280 2026] [core:info] [pid 6116:tid 1132] [client 192.168.220.141:36960] AH00128: File does not exist: C:/Wettkampf/auswertung/grading/static/django_htmx/django-htmx.js, referer: http://192.168.220.136/grading/
[Sat Mar 14 10:25:01.607158 2026] [core:info] [pid 6116:tid 1128] [client 192.168.220.139:57994] AH00128: File does not exist: C:/Wettkampf/auswertung/grading/static/django_htmx/htmx.min.js, referer: http://192.168.220.136/grading/17/grade/?sid_search=17
[Sat Mar 14 10:25:01.690696 2026] [core:info] [pid 6116:tid 1128] [client 192.168.220.139:57994] AH00128: File does not exist: C:/Wettkampf/auswertung/grading/static/django_htmx/django-htmx.js, referer: http://192.168.220.136/grading/17/grade/?sid_search=17
[Sat Mar 14 10:25:11.599555 2026] [wsgi:error] [pid 6116:tid 1152] [client 192.168.220.141:36972] Forbidden (Permission denied): /grading/40/grade/\r, referer: http://192.168.220.136/grading/
[Sat Mar 14 10:25:11.599555 2026] [wsgi:error] [pid 6116:tid 1152] [client 192.168.220.141:36972] Traceback (most recent call last):\r, referer: http://192.168.220.136/grading/
[Sat Mar 14 10:25:11.599555 2026] [wsgi:error] [pid 6116:tid 1152] [client 192.168.220.141:36972]   File "C:\\Users\\Besitzer\\AppData\\Local\\Python\\pythoncore-3.14-64\\Lib\\site-packages\\django\\core\\handlers\\exception.py", line 55, in inner\r, referer: http://192.168.220.136/grading/
[Sat Mar 14 10:25:11.599555 2026] [wsgi:error] [pid 6116:tid 1152] [client 192.168.220.141:36972]     response = get_response(request)\r, referer: http://192.168.220.136/grading/
[Sat Mar 14 10:25:11.599555 2026] [wsgi:error] [pid 6116:tid 1152] [client 192.168.220.141:36972]   File "C:\\Users\\Besitzer\\AppData\\Local\\Python\\pythoncore-3.14-64\\Lib\\site-packages\\django\\core\\handlers\\base.py", line 198, in _get_response\r, referer: http://192.168.220.136/grading/
[Sat Mar 14 10:25:11.599555 2026] [wsgi:error] [pid 6116:tid 1152] [client 192.168.220.141:36972]     response = wrapped_callback(request, *callback_args, **callback_kwargs)\r, referer: http://192.168.220.136/grading/
[Sat Mar 14 10:25:11.599555 2026] [wsgi:error] [pid 6116:tid 1152] [client 192.168.220.141:36972]   File "C:\\Users\\Besitzer\\AppData\\Local\\Python\\pythoncore-3.14-64\\Lib\\site-packages\\django\\views\\generic\\base.py", line 106, in view\r, referer: http://192.168.220.136/grading/
[Sat Mar 14 10:25:11.599555 2026] [wsgi:error] [pid 6116:tid 1152] [client 192.168.220.141:36972]     return self.dispatch(request, *args, **kwargs)\r, referer: http://192.168.220.136/grading/
[Sat Mar 14 10:25:11.599555 2026] [wsgi:error] [pid 6116:tid 1152] [client 192.168.220.141:36972]            ~~~~~~~~~~~~~^^^^^^^^^^^^^^^^^^^^^^^^^^\r, referer: http://192.168.220.136/grading/
[Sat Mar 14 10:25:11.599555 2026] [wsgi:error] [pid 6116:tid 1152] [client 192.168.220.141:36972]   File "C:\\Users\\Besitzer\\AppData\\Local\\Python\\pythoncore-3.14-64\\Lib\\site-packages\\django\\contrib\\auth\\mixins.py", line 74, in dispatch\r, referer: http://192.168.220.136/grading/
[Sat Mar 14 10:25:11.599555 2026] [wsgi:error] [pid 6116:tid 1152] [client 192.168.220.141:36972]     return super().dispatch(request, *args, **kwargs)\r, referer: http://192.168.220.136/grading/
[Sat Mar 14 10:25:11.599555 2026] [wsgi:error] [pid 6116:tid 1152] [client 192.168.220.141:36972]            ~~~~~~~~~~~~~~~~^^^^^^^^^^^^^^^^^^^^^^^^^^\r, referer: http://192.168.220.136/grading/
[Sat Mar 14 10:25:11.599555 2026] [wsgi:error] [pid 6116:tid 1152] [client 192.168.220.141:36972]   File "C:\\Users\\Besitzer\\AppData\\Local\\Python\\pythoncore-3.14-64\\Lib\\site-packages\\django\\contrib\\auth\\mixins.py", line 135, in dispatch\r, referer: http://192.168.220.136/grading/
[Sat Mar 14 10:25:11.599555 2026] [wsgi:error] [pid 6116:tid 1152] [client 192.168.220.141:36972]     return self.handle_no_permission()\r, referer: http://192.168.220.136/grading/
[Sat Mar 14 10:25:11.599555 2026] [wsgi:error] [pid 6116:tid 1152] [client 192.168.220.141:36972]            ~~~~~~~~~~~~~~~~~~~~~~~~~^^\r, referer: http://192.168.220.136/grading/
[Sat Mar 14 10:25:11.599555 2026] [wsgi:error] [pid 6116:tid 1152] [client 192.168.220.141:36972]   File "C:\\Users\\Besitzer\\AppData\\Local\\Python\\pythoncore-3.14-64\\Lib\\site-packages\\django\\contrib\\auth\\mixins.py", line 49, in handle_no_permission\r, referer: http://192.168.220.136/grading/
[Sat Mar 14 10:25:11.599555 2026] [wsgi:error] [pid 6116:tid 1152] [client 192.168.220.141:36972]     raise PermissionDenied(self.get_permission_denied_message())\r, referer: http://192.168.220.136/grading/
[Sat Mar 14 10:25:11.599555 2026] [wsgi:error] [pid 6116:tid 1152] [client 192.168.220.141:36972] django.core.exceptions.PermissionDenied\r, referer: http://192.168.220.136/grading/
[Sat Mar 14 10:25:14.677883 2026] [core:info] [pid 6116:tid 1132] [client 192.168.220.139:58002] AH00128: File does not exist: C:/Wettkampf/auswertung/grading/static/django_htmx/htmx.min.js, referer: http://192.168.220.136/grading/17/save_grade/
[Sat Mar 14 10:25:14.693702 2026] [core:info] [pid 6116:tid 1132] [client 192.168.220.139:58002] AH00128: File does not exist: C:/Wettkampf/auswertung/grading/static/django_htmx/django-htmx.js, referer: http://192.168.220.136/grading/17/save_grade/
[Sat Mar 14 10:25:24.253097 2026] [wsgi:error] [pid 6116:tid 1132] [client 192.168.220.141:47648] Forbidden (Permission denied): /grading/40/grade/\r, referer: http://192.168.220.136/grading/
[Sat Mar 14 10:25:24.253097 2026] [wsgi:error] [pid 6116:tid 1132] [client 192.168.220.141:47648] Traceback (most recent call last):\r, referer: http://192.168.220.136/grading/
[Sat Mar 14 10:25:24.253097 2026] [wsgi:error] [pid 6116:tid 1132] [client 192.168.220.141:47648]   File "C:\\Users\\Besitzer\\AppData\\Local\\Python\\pythoncore-3.14-64\\Lib\\site-packages\\django\\core\\handlers\\exception.py", line 55, in inner\r, referer: http://192.168.220.136/grading/
[Sat Mar 14 10:25:24.253097 2026] [wsgi:error] [pid 6116:tid 1132] [client 192.168.220.141:47648]     response = get_response(request)\r, referer: http://192.168.220.136/grading/
[Sat Mar 14 10:25:24.253097 2026] [wsgi:error] [pid 6116:tid 1132] [client 192.168.220.141:47648]   File "C:\\Users\\Besitzer\\AppData\\Local\\Python\\pythoncore-3.14-64\\Lib\\site-packages\\django\\core\\handlers\\base.py", line 198, in _get_response\r, referer: http://192.168.220.136/grading/
[Sat Mar 14 10:25:24.253097 2026] [wsgi:error] [pid 6116:tid 1132] [client 192.168.220.141:47648]     response = wrapped_callback(request, *callback_args, **callback_kwargs)\r, referer: http://192.168.220.136/grading/
[Sat Mar 14 10:25:24.253097 2026] [wsgi:error] [pid 6116:tid 1132] [client 192.168.220.141:47648]   File "C:\\Users\\Besitzer\\AppData\\Local\\Python\\pythoncore-3.14-64\\Lib\\site-packages\\django\\views\\generic\\base.py", line 106, in view\r, referer: http://192.168.220.136/grading/
[Sat Mar 14 10:25:24.253097 2026] [wsgi:error] [pid 6116:tid 1132] [client 192.168.220.141:47648]     return self.dispatch(request, *args, **kwargs)\r, referer: http://192.168.220.136/grading/
[Sat Mar 14 10:25:24.253097 2026] [wsgi:error] [pid 6116:tid 1132] [client 192.168.220.141:47648]            ~~~~~~~~~~~~~^^^^^^^^^^^^^^^^^^^^^^^^^^\r, referer: http://192.168.220.136/grading/
[Sat Mar 14 10:25:24.253097 2026] [wsgi:error] [pid 6116:tid 1132] [client 192.168.220.141:47648]   File "C:\\Users\\Besitzer\\AppData\\Local\\Python\\pythoncore-3.14-64\\Lib\\site-packages\\django\\contrib\\auth\\mixins.py", line 74, in dispatch\r, referer: http://192.168.220.136/grading/
[Sat Mar 14 10:25:24.253097 2026] [wsgi:error] [pid 6116:tid 1132] [client 192.168.220.141:47648]     return super().dispatch(request, *args, **kwargs)\r, referer: http://192.168.220.136/grading/
[Sat Mar 14 10:25:24.253097 2026] [wsgi:error] [pid 6116:tid 1132] [client 192.168.220.141:47648]            ~~~~~~~~~~~~~~~~^^^^^^^^^^^^^^^^^^^^^^^^^^\r, referer: http://192.168.220.136/grading/
[Sat Mar 14 10:25:24.253097 2026] [wsgi:error] [pid 6116:tid 1132] [client 192.168.220.141:47648]   File "C:\\Users\\Besitzer\\AppData\\Local\\Python\\pythoncore-3.14-64\\Lib\\site-packages\\django\\contrib\\auth\\mixins.py", line 135, in dispatch\r, referer: http://192.168.220.136/grading/
[Sat Mar 14 10:25:24.253097 2026] [wsgi:error] [pid 6116:tid 1132] [client 192.168.220.141:47648]     return self.handle_no_permission()\r, referer: http://192.168.220.136/grading/
[Sat Mar 14 10:25:24.253097 2026] [wsgi:error] [pid 6116:tid 1132] [client 192.168.220.141:47648]            ~~~~~~~~~~~~~~~~~~~~~~~~~^^\r, referer: http://192.168.220.136/grading/
[Sat Mar 14 10:25:24.253097 2026] [wsgi:error] [pid 6116:tid 1132] [client 192.168.220.141:47648]   File "C:\\Users\\Besitzer\\AppData\\Local\\Python\\pythoncore-3.14-64\\Lib\\site-packages\\django\\contrib\\auth\\mixins.py", line 49, in handle_no_permission\r, referer: http://192.168.220.136/grading/
[Sat Mar 14 10:25:24.253097 2026] [wsgi:error] [pid 6116:tid 1132] [client 192.168.220.141:47648]     raise PermissionDenied(self.get_permission_denied_message())\r, referer: http://192.168.220.136/grading/
[Sat Mar 14 10:25:24.253097 2026] [wsgi:error] [pid 6116:tid 1132] [client 192.168.220.141:47648] django.core.exceptions.PermissionDenied\r, referer: http://192.168.220.136/grading/
[Sat Mar 14 10:25:28.138907 2026] [core:info] [pid 6116:tid 1152] [client 192.168.220.139:60174] AH00128: File does not exist: C:/Wettkampf/auswertung/grading/static/django_htmx/htmx.min.js, referer: http://192.168.220.136/grading/19/grade/?sid_search=19
[Sat Mar 14 10:25:28.138907 2026] [core:info] [pid 6116:tid 1128] [client 192.168.220.139:51614] AH00128: File does not exist: C:/Wettkampf/auswertung/grading/static/django_htmx/django-htmx.js, referer: http://192.168.220.136/grading/19/grade/?sid_search=19
[Sat Mar 14 10:25:56.326935 2026] [core:info] [pid 6116:tid 1128] [client 192.168.220.139:50170] AH00128: File does not exist: C:/Wettkampf/auswertung/grading/static/django_htmx/htmx.min.js, referer: http://192.168.220.136/grading/19/save_grade/
[Sat Mar 14 10:25:56.328957 2026] [core:info] [pid 6116:tid 1152] [client 192.168.220.139:50174] AH00128: File does not exist: C:/Wettkampf/auswertung/grading/static/django_htmx/django-htmx.js, referer: http://192.168.220.136/grading/19/save_grade/
[Sat Mar 14 10:26:06.416062 2026] [core:info] [pid 6116:tid 1128] [client 192.168.220.139:54004] AH00128: File does not exist: C:/Wettkampf/auswertung/grading/static/django_htmx/htmx.min.js, referer: http://192.168.220.136/grading/28/grade/?sid_search=28
[Sat Mar 14 10:26:06.441689 2026] [core:info] [pid 6116:tid 1152] [client 192.168.220.139:54006] AH00128: File does not exist: C:/Wettkampf/auswertung/grading/static/django_htmx/django-htmx.js, referer: http://192.168.220.136/grading/28/grade/?sid_search=28
[Sat Mar 14 10:26:30.590646 2026] [core:info] [pid 6116:tid 1152] [client 192.168.220.139:51328] AH00128: File does not exist: C:/Wettkampf/auswertung/grading/static/django_htmx/htmx.min.js, referer: http://192.168.220.136/grading/28/save_grade/
[Sat Mar 14 10:26:30.606669 2026] [core:info] [pid 6116:tid 1128] [client 192.168.220.139:51332] AH00128: File does not exist: C:/Wettkampf/auswertung/grading/static/django_htmx/django-htmx.js, referer: http://192.168.220.136/grading/28/save_grade/
[Sat Mar 14 10:26:36.829712 2026] [core:info] [pid 6116:tid 1128] [client 192.168.220.139:51332] AH00128: File does not exist: C:/Wettkampf/auswertung/grading/static/django_htmx/htmx.min.js, referer: http://192.168.220.136/grading/16/grade/?sid_search=16
[Sat Mar 14 10:26:36.831732 2026] [core:info] [pid 6116:tid 1152] [client 192.168.220.139:51342] AH00128: File does not exist: C:/Wettkampf/auswertung/grading/static/django_htmx/django-htmx.js, referer: http://192.168.220.136/grading/16/grade/?sid_search=16
[Sat Mar 14 10:26:56.285614 2026] [core:info] [pid 6116:tid 1128] [client 192.168.220.139:45182] AH00128: File does not exist: C:/Wettkampf/auswertung/grading/static/django_htmx/htmx.min.js, referer: http://192.168.220.136/grading/16/save_grade/
[Sat Mar 14 10:26:56.285614 2026] [core:info] [pid 6116:tid 1152] [client 192.168.220.139:45186] AH00128: File does not exist: C:/Wettkampf/auswertung/grading/static/django_htmx/django-htmx.js, referer: http://192.168.220.136/grading/16/save_grade/
[Sat Mar 14 10:26:58.834375 2026] [core:info] [pid 6116:tid 1132] [client 192.168.220.143:57476] AH00128: File does not exist: C:/Wettkampf/auswertung/grading/static/django_htmx/htmx.min.js, referer: http://192.168.220.136/grading/108/save_grade/
[Sat Mar 14 10:26:58.848149 2026] [core:info] [pid 6116:tid 1124] [client 192.168.220.143:57492] AH00128: File does not exist: C:/Wettkampf/auswertung/grading/static/django_htmx/django-htmx.js, referer: http://192.168.220.136/grading/108/save_grade/
[Sat Mar 14 10:27:02.512476 2026] [core:info] [pid 6116:tid 1152] [client 192.168.220.139:45186] AH00128: File does not exist: C:/Wettkampf/auswertung/grading/static/django_htmx/htmx.min.js, referer: http://192.168.220.136/grading/13/grade/?sid_search=13
[Sat Mar 14 10:27:02.526503 2026] [core:info] [pid 6116:tid 1128] [client 192.168.220.139:57172] AH00128: File does not exist: C:/Wettkampf/auswertung/grading/static/django_htmx/django-htmx.js, referer: http://192.168.220.136/grading/13/grade/?sid_search=13
[Sat Mar 14 10:27:09.291688 2026] [core:info] [pid 6116:tid 1132] [client 192.168.220.143:51006] AH00128: File does not exist: C:/Wettkampf/auswertung/grading/static/django_htmx/htmx.min.js, referer: http://192.168.220.136/grading/109/grade/?sid_search=109
[Sat Mar 14 10:27:09.295013 2026] [core:info] [pid 6116:tid 1124] [client 192.168.220.143:51010] AH00128: File does not exist: C:/Wettkampf/auswertung/grading/static/django_htmx/django-htmx.js, referer: http://192.168.220.136/grading/109/grade/?sid_search=109
[Sat Mar 14 10:27:21.783160 2026] [core:info] [pid 6116:tid 1132] [client 192.168.220.139:55196] AH00128: File does not exist: C:/Wettkampf/auswertung/grading/static/django_htmx/htmx.min.js, referer: http://192.168.220.136/grading/13/save_grade/
[Sat Mar 14 10:27:21.806206 2026] [core:info] [pid 6116:tid 1124] [client 192.168.220.139:55212] AH00128: File does not exist: C:/Wettkampf/auswertung/grading/static/django_htmx/django-htmx.js, referer: http://192.168.220.136/grading/13/save_grade/
[Sat Mar 14 10:27:27.612868 2026] [core:info] [pid 6116:tid 1124] [client 192.168.220.139:55212] AH00128: File does not exist: C:/Wettkampf/auswertung/grading/static/django_htmx/htmx.min.js, referer: http://192.168.220.136/grading/15/grade/?sid_search=15
[Sat Mar 14 10:27:27.626684 2026] [core:info] [pid 6116:tid 1132] [client 192.168.220.139:60552] AH00128: File does not exist: C:/Wettkampf/auswertung/grading/static/django_htmx/django-htmx.js, referer: http://192.168.220.136/grading/15/grade/?sid_search=15
[Sat Mar 14 10:27:48.315837 2026] [core:info] [pid 6116:tid 1124] [client 192.168.220.139:57296] AH00128: File does not exist: C:/Wettkampf/auswertung/grading/static/django_htmx/htmx.min.js, referer: http://192.168.220.136/grading/15/save_grade/
[Sat Mar 14 10:27:48.319315 2026] [core:info] [pid 6116:tid 1132] [client 192.168.220.139:33532] AH00128: File does not exist: C:/Wettkampf/auswertung/grading/static/django_htmx/django-htmx.js, referer: http://192.168.220.136/grading/15/save_grade/
[Sat Mar 14 10:28:21.580004 2026] [core:info] [pid 6116:tid 1124] [client 192.168.220.143:47038] AH00128: File does not exist: C:/Wettkampf/auswertung/grading/static/django_htmx/htmx.min.js, referer: http://192.168.220.136/grading/109/save_grade/
[Sat Mar 14 10:28:21.599865 2026] [core:info] [pid 6116:tid 1132] [client 192.168.220.143:47052] AH00128: File does not exist: C:/Wettkampf/auswertung/grading/static/django_htmx/django-htmx.js, referer: http://192.168.220.136/grading/109/save_grade/
[Sat Mar 14 10:28:32.179496 2026] [core:info] [pid 6116:tid 1132] [client 192.168.220.143:33600] AH00128: File does not exist: C:/Wettkampf/auswertung/grading/static/django_htmx/htmx.min.js, referer: http://192.168.220.136/grading/110/grade/?sid_search=110
[Sat Mar 14 10:28:32.197538 2026] [core:info] [pid 6116:tid 1124] [client 192.168.220.143:33612] AH00128: File does not exist: C:/Wettkampf/auswertung/grading/static/django_htmx/django-htmx.js, referer: http://192.168.220.136/grading/110/grade/?sid_search=110
[Sat Mar 14 10:29:22.792195 2026] [core:info] [pid 6116:tid 1124] [client 192.168.220.140:44164] AH00128: File does not exist: C:/Wettkampf/auswertung/grading/static/django_htmx/htmx.min.js, referer: http://192.168.220.136/grading/3/save_grade/
[Sat Mar 14 10:29:22.832511 2026] [core:info] [pid 6116:tid 1132] [client 192.168.220.140:44178] AH00128: File does not exist: C:/Wettkampf/auswertung/grading/static/django_htmx/django-htmx.js, referer: http://192.168.220.136/grading/3/save_grade/
[Sat Mar 14 10:29:25.909522 2026] [core:info] [pid 6116:tid 1128] [client 192.168.220.142:46878] AH00128: File does not exist: C:/Wettkampf/auswertung/grading/static/django_htmx/htmx.min.js, referer: http://192.168.220.136/grading/22/grade/?sid_search=22
[Sat Mar 14 10:29:25.919721 2026] [core:info] [pid 6116:tid 1128] [client 192.168.220.142:46878] AH00128: File does not exist: C:/Wettkampf/auswertung/grading/static/django_htmx/django-htmx.js, referer: http://192.168.220.136/grading/22/grade/?sid_search=22
[Sat Mar 14 10:29:36.361080 2026] [core:info] [pid 6116:tid 1128] [client 192.168.220.140:53626] AH00128: File does not exist: C:/Wettkampf/auswertung/grading/static/django_htmx/htmx.min.js, referer: http://192.168.220.136/grading/14/grade/?sid_search=14
[Sat Mar 14 10:29:36.444494 2026] [core:info] [pid 6116:tid 1128] [client 192.168.220.140:53626] AH00128: File does not exist: C:/Wettkampf/auswertung/grading/static/django_htmx/django-htmx.js, referer: http://192.168.220.136/grading/14/grade/?sid_search=14
[Sat Mar 14 10:29:45.928308 2026] [reqtimeout:info] [pid 6116:tid 1152] [client 192.168.220.142:44910] AH01382: Request header read timeout
[Sat Mar 14 10:29:56.377285 2026] [reqtimeout:info] [pid 6116:tid 1132] [client 192.168.220.140:53628] AH01382: Request header read timeout
[Sat Mar 14 10:30:07.072200 2026] [core:info] [pid 6116:tid 1132] [client 192.168.220.143:38276] AH00128: File does not exist: C:/Wettkampf/auswertung/grading/static/django_htmx/htmx.min.js, referer: http://192.168.220.136/grading/110/save_grade/
[Sat Mar 14 10:30:07.084035 2026] [core:info] [pid 6116:tid 1152] [client 192.168.220.143:38286] AH00128: File does not exist: C:/Wettkampf/auswertung/grading/static/django_htmx/django-htmx.js, referer: http://192.168.220.136/grading/110/save_grade/
[Sat Mar 14 10:30:15.250941 2026] [core:info] [pid 6116:tid 1132] [client 192.168.220.143:38292] AH00128: File does not exist: C:/Wettkampf/auswertung/grading/static/django_htmx/htmx.min.js, referer: http://192.168.220.136/grading/111/grade/?sid_search=111
[Sat Mar 14 10:30:15.266015 2026] [core:info] [pid 6116:tid 1152] [client 192.168.220.143:60842] AH00128: File does not exist: C:/Wettkampf/auswertung/grading/static/django_htmx/django-htmx.js, referer: http://192.168.220.136/grading/111/grade/?sid_search=111
[Sat Mar 14 10:30:25.791728 2026] [core:info] [pid 6116:tid 1152] [client 192.168.220.144:59370] AH00128: File does not exist: C:/Wettkampf/auswertung/grading/static/django_htmx/htmx.min.js, referer: http://192.168.220.136/grading/104/save_grade/
[Sat Mar 14 10:30:25.795771 2026] [core:info] [pid 6116:tid 1132] [client 192.168.220.144:59382] AH00128: File does not exist: C:/Wettkampf/auswertung/grading/static/django_htmx/django-htmx.js, referer: http://192.168.220.136/grading/104/save_grade/
[Sat Mar 14 10:30:44.545010 2026] [core:info] [pid 6116:tid 1152] [client 192.168.220.144:40058] AH00128: File does not exist: C:/Wettkampf/auswertung/grading/static/django_htmx/htmx.min.js, referer: http://192.168.220.136/grading/
[Sat Mar 14 10:30:44.557215 2026] [core:info] [pid 6116:tid 1132] [client 192.168.220.144:40060] AH00128: File does not exist: C:/Wettkampf/auswertung/grading/static/django_htmx/django-htmx.js, referer: http://192.168.220.136/grading/
[Sat Mar 14 10:30:48.235104 2026] [core:info] [pid 6116:tid 1152] [client 192.168.220.144:40058] AH00128: File does not exist: C:/Wettkampf/auswertung/grading/static/django_htmx/django-htmx.js, referer: http://192.168.220.136/grading/105/
[Sat Mar 14 10:30:48.235104 2026] [core:info] [pid 6116:tid 1132] [client 192.168.220.144:40060] AH00128: File does not exist: C:/Wettkampf/auswertung/grading/static/django_htmx/htmx.min.js, referer: http://192.168.220.136/grading/105/
[Sat Mar 14 10:30:51.405257 2026] [core:info] [pid 6116:tid 1132] [client 192.168.220.144:40060] AH00128: File does not exist: C:/Wettkampf/auswertung/grading/static/django_htmx/htmx.min.js, referer: http://192.168.220.136/grading/105/grade/?cid=4&did=6
[Sat Mar 14 10:30:51.407774 2026] [core:info] [pid 6116:tid 1152] [client 192.168.220.144:40058] AH00128: File does not exist: C:/Wettkampf/auswertung/grading/static/django_htmx/django-htmx.js, referer: http://192.168.220.136/grading/105/grade/?cid=4&did=6
[Sat Mar 14 10:31:55.606669 2026] [core:info] [pid 6116:tid 1152] [client 192.168.220.143:39554] AH00128: File does not exist: C:/Wettkampf/auswertung/grading/static/django_htmx/htmx.min.js, referer: http://192.168.220.136/grading/111/save_grade/
[Sat Mar 14 10:31:55.618150 2026] [core:info] [pid 6116:tid 1128] [client 192.168.220.143:58034] AH00128: File does not exist: C:/Wettkampf/auswertung/grading/static/django_htmx/django-htmx.js, referer: http://192.168.220.136/grading/111/save_grade/
[Sat Mar 14 10:31:56.737304 2026] [core:info] [pid 6116:tid 1132] [client 192.168.220.140:46946] AH00128: File does not exist: C:/Wettkampf/auswertung/grading/static/django_htmx/htmx.min.js, referer: http://192.168.220.136/grading/14/save_grade/
[Sat Mar 14 10:31:56.750959 2026] [core:info] [pid 6116:tid 1124] [client 192.168.220.140:46960] AH00128: File does not exist: C:/Wettkampf/auswertung/grading/static/django_htmx/django-htmx.js, referer: http://192.168.220.136/grading/14/save_grade/
[Sat Mar 14 10:32:03.994450 2026] [core:info] [pid 6116:tid 1148] [client 192.168.220.142:47846] AH00128: File does not exist: C:/Wettkampf/auswertung/grading/static/django_htmx/htmx.min.js, referer: http://192.168.220.136/grading/22/save_grade/
[Sat Mar 14 10:32:04.000523 2026] [core:info] [pid 6116:tid 1124] [client 192.168.220.142:50646] AH00128: File does not exist: C:/Wettkampf/auswertung/grading/static/django_htmx/django-htmx.js, referer: http://192.168.220.136/grading/22/save_grade/
[Sat Mar 14 10:32:04.692194 2026] [core:info] [pid 6116:tid 1128] [client 192.168.220.143:58040] AH00128: File does not exist: C:/Wettkampf/auswertung/grading/static/django_htmx/htmx.min.js, referer: http://192.168.220.136/grading/112/grade/?sid_search=112
[Sat Mar 14 10:32:04.708144 2026] [core:info] [pid 6116:tid 1132] [client 192.168.220.143:38852] AH00128: File does not exist: C:/Wettkampf/auswertung/grading/static/django_htmx/django-htmx.js, referer: http://192.168.220.136/grading/112/grade/?sid_search=112
[Sat Mar 14 10:32:18.101350 2026] [core:info] [pid 6116:tid 1128] [client 192.168.220.142:32970] AH00128: File does not exist: C:/Wettkampf/auswertung/grading/static/django_htmx/htmx.min.js, referer: http://192.168.220.136/grading/26/grade/?sid_search=26
[Sat Mar 14 10:32:18.113148 2026] [core:info] [pid 6116:tid 1128] [client 192.168.220.142:32970] AH00128: File does not exist: C:/Wettkampf/auswertung/grading/static/django_htmx/django-htmx.js, referer: http://192.168.220.136/grading/26/grade/?sid_search=26
[Sat Mar 14 10:32:38.116794 2026] [reqtimeout:info] [pid 6116:tid 1132] [client 192.168.220.142:32976] AH01382: Request header read timeout
[Sat Mar 14 10:32:44.259685 2026] [core:info] [pid 6116:tid 1132] [client 192.168.220.138:60915] AH00128: File does not exist: C:/Wettkampf/auswertung/grading/static/django_htmx/htmx.min.js, referer: http://192.168.220.136/grading/all_results/
[Sat Mar 14 10:32:44.285534 2026] [core:info] [pid 6116:tid 1128] [client 192.168.220.138:60926] AH00128: File does not exist: C:/Wettkampf/auswertung/grading/static/django_htmx/django-htmx.js, referer: http://192.168.220.136/grading/all_results/
[Sat Mar 14 10:33:05.104257 2026] [core:info] [pid 6116:tid 1132] [client 192.168.220.138:60998] AH00128: File does not exist: C:/Wettkampf/auswertung/grading/static/django_htmx/htmx.min.js, referer: http://192.168.220.136/grading/all_results/
[Sat Mar 14 10:33:05.104257 2026] [core:info] [pid 6116:tid 1128] [client 192.168.220.138:60997] AH00128: File does not exist: C:/Wettkampf/auswertung/grading/static/django_htmx/django-htmx.js, referer: http://192.168.220.136/grading/all_results/
[Sat Mar 14 10:33:07.648829 2026] [core:info] [pid 6116:tid 1132] [client 192.168.220.138:60998] AH00128: File does not exist: C:/Wettkampf/auswertung/grading/static/django_htmx/htmx.min.js, referer: http://192.168.220.136/grading/all_results/?cid=2
[Sat Mar 14 10:33:07.660934 2026] [core:info] [pid 6116:tid 1124] [client 192.168.220.138:61011] AH00128: File does not exist: C:/Wettkampf/auswertung/grading/static/django_htmx/django-htmx.js, referer: http://192.168.220.136/grading/all_results/?cid=2
[Sat Mar 14 10:33:12.450101 2026] [core:info] [pid 6116:tid 1128] [client 192.168.220.138:60997] AH00128: File does not exist: C:/Wettkampf/auswertung/grading/static/django_htmx/htmx.min.js, referer: http://192.168.220.136/grading/all_results/?cid=1
[Sat Mar 14 10:33:12.464020 2026] [core:info] [pid 6116:tid 1132] [client 192.168.220.138:60998] AH00128: File does not exist: C:/Wettkampf/auswertung/grading/static/django_htmx/django-htmx.js, referer: http://192.168.220.136/grading/all_results/?cid=1
[Sat Mar 14 10:33:17.485706 2026] [core:info] [pid 6116:tid 1148] [client 192.168.220.144:59708] AH00128: File does not exist: C:/Wettkampf/auswertung/grading/static/django_htmx/htmx.min.js, referer: http://192.168.220.136/grading/105/save_grade/
[Sat Mar 14 10:33:17.499537 2026] [core:info] [pid 6116:tid 1152] [client 192.168.220.144:54052] AH00128: File does not exist: C:/Wettkampf/auswertung/grading/static/django_htmx/django-htmx.js, referer: http://192.168.220.136/grading/105/save_grade/
[Sat Mar 14 10:33:19.661258 2026] [core:info] [pid 6116:tid 1152] [client 192.168.220.144:54052] AH00128: File does not exist: C:/Wettkampf/auswertung/grading/static/django_htmx/htmx.min.js, referer: http://192.168.220.136/grading/
[Sat Mar 14 10:33:19.669094 2026] [core:info] [pid 6116:tid 1148] [client 192.168.220.144:59708] AH00128: File does not exist: C:/Wettkampf/auswertung/grading/static/django_htmx/django-htmx.js, referer: http://192.168.220.136/grading/
[Sat Mar 14 10:33:22.523121 2026] [core:info] [pid 6116:tid 1148] [client 192.168.220.144:59708] AH00128: File does not exist: C:/Wettkampf/auswertung/grading/static/django_htmx/htmx.min.js, referer: http://192.168.220.136/grading/107/
[Sat Mar 14 10:33:22.523121 2026] [core:info] [pid 6116:tid 1152] [client 192.168.220.144:54052] AH00128: File does not exist: C:/Wettkampf/auswertung/grading/static/django_htmx/django-htmx.js, referer: http://192.168.220.136/grading/107/
[Sat Mar 14 10:33:26.127999 2026] [core:info] [pid 6116:tid 1152] [client 192.168.220.144:54052] AH00128: File does not exist: C:/Wettkampf/auswertung/grading/static/django_htmx/htmx.min.js, referer: http://192.168.220.136/grading/107/grade/?cid=4&did=6
[Sat Mar 14 10:33:26.132696 2026] [core:info] [pid 6116:tid 1148] [client 192.168.220.144:59708] AH00128: File does not exist: C:/Wettkampf/auswertung/grading/static/django_htmx/django-htmx.js, referer: http://192.168.220.136/grading/107/grade/?cid=4&did=6
[Sat Mar 14 10:33:29.659571 2026] [core:info] [pid 6116:tid 1128] [client 192.168.220.138:61063] AH00128: File does not exist: C:/Wettkampf/auswertung/grading/static/django_htmx/htmx.min.js, referer: http://192.168.220.136/grading/all_results/?cid=2
[Sat Mar 14 10:33:29.668127 2026] [core:info] [pid 6116:tid 1132] [client 192.168.220.138:61064] AH00128: File does not exist: C:/Wettkampf/auswertung/grading/static/django_htmx/django-htmx.js, referer: http://192.168.220.136/grading/all_results/?cid=2
[Sat Mar 14 10:33:36.577589 2026] [core:info] [pid 6116:tid 1148] [client 192.168.220.143:47958] AH00128: File does not exist: C:/Wettkampf/auswertung/grading/static/django_htmx/htmx.min.js, referer: http://192.168.220.136/grading/112/save_grade/
[Sat Mar 14 10:33:36.599787 2026] [core:info] [pid 6116:tid 1132] [client 192.168.220.143:41088] AH00128: File does not exist: C:/Wettkampf/auswertung/grading/static/django_htmx/django-htmx.js, referer: http://192.168.220.136/grading/112/save_grade/
[Sat Mar 14 10:33:38.222712 2026] [core:info] [pid 6116:tid 1128] [client 192.168.220.140:52670] AH00128: File does not exist: C:/Wettkampf/auswertung/grading/static/django_htmx/htmx.min.js, referer: http://192.168.220.136/grading/31/grade/?sid_search=31
[Sat Mar 14 10:33:38.241697 2026] [core:info] [pid 6116:tid 1128] [client 192.168.220.140:52670] AH00128: File does not exist: C:/Wettkampf/auswertung/grading/static/django_htmx/django-htmx.js, referer: http://192.168.220.136/grading/31/grade/?sid_search=31
[Sat Mar 14 10:33:43.142670 2026] [core:info] [pid 6116:tid 1132] [client 192.168.220.143:41088] AH00128: File does not exist: C:/Wettkampf/auswertung/grading/static/django_htmx/htmx.min.js, referer: http://192.168.220.136/grading/103/grade/?sid_search=103
[Sat Mar 14 10:33:43.156026 2026] [core:info] [pid 6116:tid 1148] [client 192.168.220.143:41102] AH00128: File does not exist: C:/Wettkampf/auswertung/grading/static/django_htmx/django-htmx.js, referer: http://192.168.220.136/grading/103/grade/?sid_search=103
[Sat Mar 14 10:33:50.825943 2026] [core:info] [pid 6116:tid 1128] [client 192.168.220.142:37722] AH00128: File does not exist: C:/Wettkampf/auswertung/grading/static/django_htmx/htmx.min.js, referer: http://192.168.220.136/grading/26/save_grade/
[Sat Mar 14 10:33:50.837802 2026] [core:info] [pid 6116:tid 1148] [client 192.168.220.142:37738] AH00128: File does not exist: C:/Wettkampf/auswertung/grading/static/django_htmx/django-htmx.js, referer: http://192.168.220.136/grading/26/save_grade/
[Sat Mar 14 10:33:58.241985 2026] [reqtimeout:info] [pid 6116:tid 1152] [client 192.168.220.140:52680] AH01382: Request header read timeout
[Sat Mar 14 10:34:09.318538 2026] [core:info] [pid 6116:tid 1148] [client 192.168.220.138:62193] AH00128: File does not exist: C:/Wettkampf/auswertung/grading/static/django_htmx/htmx.min.js, referer: http://192.168.220.136/grading/all_results/?cid=21409
[Sat Mar 14 10:34:09.334581 2026] [core:info] [pid 6116:tid 1128] [client 192.168.220.138:62194] AH00128: File does not exist: C:/Wettkampf/auswertung/grading/static/django_htmx/django-htmx.js, referer: http://192.168.220.136/grading/all_results/?cid=21409
[Sat Mar 14 10:34:09.970883 2026] [core:info] [pid 6116:tid 1152] [client 192.168.220.142:51002] AH00128: File does not exist: C:/Wettkampf/auswertung/grading/static/django_htmx/htmx.min.js, referer: http://192.168.220.136/grading/30/grade/?sid_search=30
[Sat Mar 14 10:34:09.982330 2026] [core:info] [pid 6116:tid 1132] [client 192.168.220.142:51016] AH00128: File does not exist: C:/Wettkampf/auswertung/grading/static/django_htmx/django-htmx.js, referer: http://192.168.220.136/grading/30/grade/?sid_search=30
[Sat Mar 14 10:34:14.253845 2026] [core:info] [pid 6116:tid 1124] [client 192.168.220.140:39178] AH00128: File does not exist: C:/Wettkampf/auswertung/grading/static/django_htmx/htmx.min.js, referer: http://192.168.220.136/grading/31/save_grade/
[Sat Mar 14 10:34:14.267654 2026] [core:info] [pid 6116:tid 1124] [client 192.168.220.140:39178] AH00128: File does not exist: C:/Wettkampf/auswertung/grading/static/django_htmx/django-htmx.js, referer: http://192.168.220.136/grading/31/save_grade/
