[Sat Mar 14 10:34:29.947371 2026] [core:info] [pid 6116:tid 1132] [client 192.168.220.138:62232] AH00128: File does not exist: C:/Wettkampf/auswertung/grading/static/django_htmx/htmx.min.js, referer: http://192.168.220.136/grading/all_results/?cid=21409
[Sat Mar 14 10:34:29.947371 2026] [core:info] [pid 6116:tid 1124] [client 192.168.220.138:62231] AH00128: File does not exist: C:/Wettkampf/auswertung/grading/static/django_htmx/django-htmx.js, referer: http://192.168.220.136/grading/all_results/?cid=21409
[Sat Mar 14 10:34:31.000586 2026] [core:info] [pid 6116:tid 1124] [client 192.168.220.138:62231] AH00128: File does not exist: C:/Wettkampf/auswertung/grading/static/django_htmx/htmx.min.js, referer: http://192.168.220.136/grading/all_results/?cid=21411
[Sat Mar 14 10:34:31.000586 2026] [core:info] [pid 6116:tid 1132] [client 192.168.220.138:62232] AH00128: File does not exist: C:/Wettkampf/auswertung/grading/static/django_htmx/django-htmx.js, referer: http://192.168.220.136/grading/all_results/?cid=21411
[Sat Mar 14 10:34:34.301664 2026] [reqtimeout:info] [pid 6116:tid 1136] [client 192.168.220.140:39182] AH01382: Request header read timeout
[Sat Mar 14 10:35:00.446136 2026] [core:info] [pid 6116:tid 1124] [client 192.168.220.138:62280] AH00128: File does not exist: C:/Wettkampf/auswertung/grading/static/django_htmx/htmx.min.js, referer: http://192.168.220.136/grading/all_results/?cid=21413
[Sat Mar 14 10:35:00.446136 2026] [core:info] [pid 6116:tid 1132] [client 192.168.220.138:62279] AH00128: File does not exist: C:/Wettkampf/auswertung/grading/static/django_htmx/django-htmx.js, referer: http://192.168.220.136/grading/all_results/?cid=21413
[Sat Mar 14 10:35:20.848013 2026] [core:info] [pid 6116:tid 1124] [client 192.168.220.138:62312] AH00128: File does not exist: C:/Wettkampf/auswertung/grading/static/django_htmx/htmx.min.js, referer: http://192.168.220.136/grading/all_results/?cid=21413
[Sat Mar 14 10:35:20.848013 2026] [core:info] [pid 6116:tid 1136] [client 192.168.220.138:62311] AH00128: File does not exist: C:/Wettkampf/auswertung/grading/static/django_htmx/django-htmx.js, referer: http://192.168.220.136/grading/all_results/?cid=21413
[Sat Mar 14 10:35:21.636712 2026] [core:info] [pid 6116:tid 1136] [client 192.168.220.138:62311] AH00128: File does not exist: C:/Wettkampf/auswertung/grading/static/django_htmx/htmx.min.js, referer: http://192.168.220.136/grading/all_results/?cid=21415
[Sat Mar 14 10:35:21.652546 2026] [core:info] [pid 6116:tid 1132] [client 192.168.220.138:62314] AH00128: File does not exist: C:/Wettkampf/auswertung/grading/static/django_htmx/django-htmx.js, referer: http://192.168.220.136/grading/all_results/?cid=21415
[Sat Mar 14 10:35:52.936743 2026] [core:info] [pid 6116:tid 1124] [client 192.168.220.143:60306] AH00128: File does not exist: C:/Wettkampf/auswertung/grading/static/django_htmx/htmx.min.js, referer: http://192.168.220.136/grading/103/save_grade/
[Sat Mar 14 10:35:52.948640 2026] [core:info] [pid 6116:tid 1132] [client 192.168.220.143:60322] AH00128: File does not exist: C:/Wettkampf/auswertung/grading/static/django_htmx/django-htmx.js, referer: http://192.168.220.136/grading/103/save_grade/
[Sat Mar 14 10:35:58.315192 2026] [core:info] [pid 6116:tid 1136] [client 192.168.220.138:62371] AH00128: File does not exist: C:/Wettkampf/auswertung/grading/static/django_htmx/htmx.min.js, referer: http://192.168.220.136/grading/all_results/?cid=2
[Sat Mar 14 10:35:58.335866 2026] [core:info] [pid 6116:tid 1152] [client 192.168.220.138:62374] AH00128: File does not exist: C:/Wettkampf/auswertung/grading/static/django_htmx/django-htmx.js, referer: http://192.168.220.136/grading/all_results/?cid=2
[Sat Mar 14 10:36:06.110272 2026] [core:info] [pid 6116:tid 1152] [client 192.168.220.142:48362] AH00128: File does not exist: C:/Wettkampf/auswertung/grading/static/django_htmx/htmx.min.js, referer: http://192.168.220.136/grading/30/save_grade/
[Sat Mar 14 10:36:06.120502 2026] [core:info] [pid 6116:tid 1136] [client 192.168.220.142:41436] AH00128: File does not exist: C:/Wettkampf/auswertung/grading/static/django_htmx/django-htmx.js, referer: http://192.168.220.136/grading/30/save_grade/
[Sat Mar 14 10:36:08.570006 2026] [core:info] [pid 6116:tid 1124] [client 192.168.220.138:62391] AH00128: File does not exist: C:/Wettkampf/auswertung/grading/static/django_htmx/htmx.min.js, referer: http://192.168.220.136/grading/all_results/?cid=5
[Sat Mar 14 10:36:08.586274 2026] [core:info] [pid 6116:tid 1132] [client 192.168.220.138:62392] AH00128: File does not exist: C:/Wettkampf/auswertung/grading/static/django_htmx/django-htmx.js, referer: http://192.168.220.136/grading/all_results/?cid=5
[Sat Mar 14 10:36:15.978583 2026] [core:info] [pid 6116:tid 1132] [client 192.168.220.142:41442] AH00128: File does not exist: C:/Wettkampf/auswertung/grading/static/django_htmx/htmx.min.js, referer: http://192.168.220.136/grading/36/grade/?sid_search=36
[Sat Mar 14 10:36:16.002480 2026] [core:info] [pid 6116:tid 1132] [client 192.168.220.142:41442] AH00128: File does not exist: C:/Wettkampf/auswertung/grading/static/django_htmx/django-htmx.js, referer: http://192.168.220.136/grading/36/grade/?sid_search=36
[Sat Mar 14 10:36:20.228553 2026] [core:info] [pid 6116:tid 1152] [client 192.168.220.138:62412] AH00128: File does not exist: C:/Wettkampf/auswertung/grading/static/django_htmx/htmx.min.js, referer: http://192.168.220.136/grading/all_results/?cid=6
[Sat Mar 14 10:36:20.231912 2026] [core:info] [pid 6116:tid 1136] [client 192.168.220.138:62414] AH00128: File does not exist: C:/Wettkampf/auswertung/grading/static/django_htmx/django-htmx.js, referer: http://192.168.220.136/grading/all_results/?cid=6
[Sat Mar 14 10:36:35.374834 2026] [core:info] [pid 6116:tid 1136] [client 192.168.220.144:45550] AH00128: File does not exist: C:/Wettkampf/auswertung/grading/static/django_htmx/htmx.min.js, referer: http://192.168.220.136/grading/107/save_grade/
[Sat Mar 14 10:36:35.380611 2026] [core:info] [pid 6116:tid 1152] [client 192.168.220.144:45562] AH00128: File does not exist: C:/Wettkampf/auswertung/grading/static/django_htmx/django-htmx.js, referer: http://192.168.220.136/grading/107/save_grade/
[Sat Mar 14 10:36:35.980675 2026] [reqtimeout:info] [pid 6116:tid 1124] [client 192.168.220.142:33972] AH01382: Request header read timeout
[Sat Mar 14 10:36:51.762063 2026] [core:info] [pid 6116:tid 1136] [client 192.168.220.144:38730] AH00128: File does not exist: C:/Wettkampf/auswertung/grading/static/django_htmx/htmx.min.js, referer: http://192.168.220.136/grading/
[Sat Mar 14 10:36:51.777991 2026] [core:info] [pid 6116:tid 1152] [client 192.168.220.144:38744] AH00128: File does not exist: C:/Wettkampf/auswertung/grading/static/django_htmx/django-htmx.js, referer: http://192.168.220.136/grading/
[Sat Mar 14 10:36:55.786738 2026] [core:info] [pid 6116:tid 1152] [client 192.168.220.144:38744] AH00128: File does not exist: C:/Wettkampf/auswertung/grading/static/django_htmx/htmx.min.js, referer: http://192.168.220.136/grading/113/
[Sat Mar 14 10:36:55.788751 2026] [core:info] [pid 6116:tid 1136] [client 192.168.220.144:38730] AH00128: File does not exist: C:/Wettkampf/auswertung/grading/static/django_htmx/django-htmx.js, referer: http://192.168.220.136/grading/113/
[Sat Mar 14 10:36:56.193724 2026] [core:info] [pid 6116:tid 1124] [client 192.168.220.140:55758] AH00128: File does not exist: C:/Wettkampf/auswertung/grading/static/django_htmx/htmx.min.js, referer: http://192.168.220.136/grading/32/grade/?sid_search=32
[Sat Mar 14 10:36:56.197766 2026] [core:info] [pid 6116:tid 1132] [client 192.168.220.140:55760] AH00128: File does not exist: C:/Wettkampf/auswertung/grading/static/django_htmx/django-htmx.js, referer: http://192.168.220.136/grading/32/grade/?sid_search=32
[Sat Mar 14 10:36:59.133613 2026] [core:info] [pid 6116:tid 1136] [client 192.168.220.144:38730] AH00128: File does not exist: C:/Wettkampf/auswertung/grading/static/django_htmx/htmx.min.js, referer: http://192.168.220.136/grading/113/grade/?cid=4&did=6
[Sat Mar 14 10:36:59.135637 2026] [core:info] [pid 6116:tid 1152] [client 192.168.220.144:38744] AH00128: File does not exist: C:/Wettkampf/auswertung/grading/static/django_htmx/django-htmx.js, referer: http://192.168.220.136/grading/113/grade/?cid=4&did=6
[Sat Mar 14 10:37:19.894333 2026] [core:info] [pid 6116:tid 1152] [client 192.168.220.140:45448] AH00128: File does not exist: C:/Wettkampf/auswertung/grading/static/django_htmx/htmx.min.js, referer: http://192.168.220.136/grading/32/save_grade/
[Sat Mar 14 10:37:19.908448 2026] [core:info] [pid 6116:tid 1136] [client 192.168.220.140:60346] AH00128: File does not exist: C:/Wettkampf/auswertung/grading/static/django_htmx/django-htmx.js, referer: http://192.168.220.136/grading/32/save_grade/
[Sat Mar 14 10:37:29.886923 2026] [core:info] [pid 6116:tid 1136] [client 192.168.220.140:60358] AH00128: File does not exist: C:/Wettkampf/auswertung/grading/static/django_htmx/htmx.min.js, referer: http://192.168.220.136/grading/34/grade/?sid_search=34
[Sat Mar 14 10:37:29.903067 2026] [core:info] [pid 6116:tid 1152] [client 192.168.220.140:47960] AH00128: File does not exist: C:/Wettkampf/auswertung/grading/static/django_htmx/django-htmx.js, referer: http://192.168.220.136/grading/34/grade/?sid_search=34
[Sat Mar 14 10:37:40.064499 2026] [core:info] [pid 6116:tid 1136] [client 192.168.220.141:60644] AH00128: File does not exist: C:/Wettkampf/auswertung/grading/static/django_htmx/htmx.min.js, referer: http://192.168.220.136/grading/
[Sat Mar 14 10:37:40.081713 2026] [core:info] [pid 6116:tid 1152] [client 192.168.220.141:60646] AH00128: File does not exist: C:/Wettkampf/auswertung/grading/static/django_htmx/django-htmx.js, referer: http://192.168.220.136/grading/
[Sat Mar 14 10:37:41.553160 2026] [core:info] [pid 6116:tid 1152] [client 192.168.220.141:60646] AH00128: File does not exist: C:/Wettkampf/auswertung/grading/static/django_htmx/htmx.min.js, referer: http://192.168.220.136/grading/1/
[Sat Mar 14 10:37:41.555172 2026] [core:info] [pid 6116:tid 1136] [client 192.168.220.141:60644] AH00128: File does not exist: C:/Wettkampf/auswertung/grading/static/django_htmx/django-htmx.js, referer: http://192.168.220.136/grading/1/
[Sat Mar 14 10:37:45.431629 2026] [core:info] [pid 6116:tid 1136] [client 192.168.220.141:60644] AH00128: File does not exist: C:/Wettkampf/auswertung/grading/static/django_htmx/htmx.min.js, referer: http://192.168.220.136/grading/1/grade/?cid=19&did=3
[Sat Mar 14 10:37:45.431629 2026] [core:info] [pid 6116:tid 1152] [client 192.168.220.141:60646] AH00128: File does not exist: C:/Wettkampf/auswertung/grading/static/django_htmx/django-htmx.js, referer: http://192.168.220.136/grading/1/grade/?cid=19&did=3
[Sat Mar 14 10:38:12.793641 2026] [core:info] [pid 6116:tid 1136] [client 192.168.220.141:38656] AH00128: File does not exist: C:/Wettkampf/auswertung/grading/static/django_htmx/htmx.min.js, referer: http://192.168.220.136/grading/1/save_grade/
[Sat Mar 14 10:38:12.809682 2026] [core:info] [pid 6116:tid 1132] [client 192.168.220.141:44320] AH00128: File does not exist: C:/Wettkampf/auswertung/grading/static/django_htmx/django-htmx.js, referer: http://192.168.220.136/grading/1/save_grade/
[Sat Mar 14 10:38:14.975699 2026] [core:info] [pid 6116:tid 1152] [client 192.168.220.144:49628] AH00128: File does not exist: C:/Wettkampf/auswertung/grading/static/django_htmx/htmx.min.js, referer: http://192.168.220.136/grading/113/save_grade/
[Sat Mar 14 10:38:14.989638 2026] [core:info] [pid 6116:tid 1124] [client 192.168.220.144:49640] AH00128: File does not exist: C:/Wettkampf/auswertung/grading/static/django_htmx/django-htmx.js, referer: http://192.168.220.136/grading/113/save_grade/
[Sat Mar 14 10:38:24.012150 2026] [core:info] [pid 6116:tid 1132] [client 192.168.220.141:54506] AH00128: File does not exist: C:/Wettkampf/auswertung/grading/static/django_htmx/htmx.min.js, referer: http://192.168.220.136/grading/1/grade/?cid=19&did=3
[Sat Mar 14 10:38:24.037852 2026] [core:info] [pid 6116:tid 1132] [client 192.168.220.141:54506] AH00128: File does not exist: C:/Wettkampf/auswertung/grading/static/django_htmx/django-htmx.js, referer: http://192.168.220.136/grading/1/grade/?cid=19&did=3
[Sat Mar 14 10:38:28.556359 2026] [core:info] [pid 6116:tid 1132] [client 192.168.220.141:54506] AH00128: File does not exist: C:/Wettkampf/auswertung/grading/static/django_htmx/htmx.min.js, referer: http://192.168.220.136/grading/1/save_grade/
[Sat Mar 14 10:38:28.558370 2026] [core:info] [pid 6116:tid 1124] [client 192.168.220.141:54508] AH00128: File does not exist: C:/Wettkampf/auswertung/grading/static/django_htmx/django-htmx.js, referer: http://192.168.220.136/grading/1/save_grade/
[Sat Mar 14 10:38:31.266701 2026] [core:info] [pid 6116:tid 1124] [client 192.168.220.141:54508] AH00128: File does not exist: C:/Wettkampf/auswertung/grading/static/django_htmx/htmx.min.js, referer: http://192.168.220.136/grading/
[Sat Mar 14 10:38:31.276625 2026] [core:info] [pid 6116:tid 1132] [client 192.168.220.141:54506] AH00128: File does not exist: C:/Wettkampf/auswertung/grading/static/django_htmx/django-htmx.js, referer: http://192.168.220.136/grading/
[Sat Mar 14 10:38:34.830560 2026] [core:info] [pid 6116:tid 1132] [client 192.168.220.141:54506] AH00128: File does not exist: C:/Wettkampf/auswertung/grading/static/django_htmx/htmx.min.js, referer: http://192.168.220.136/grading/4/
[Sat Mar 14 10:38:34.832574 2026] [core:info] [pid 6116:tid 1124] [client 192.168.220.141:54508] AH00128: File does not exist: C:/Wettkampf/auswertung/grading/static/django_htmx/django-htmx.js, referer: http://192.168.220.136/grading/4/
[Sat Mar 14 10:38:38.155251 2026] [core:info] [pid 6116:tid 1124] [client 192.168.220.141:54508] AH00128: File does not exist: C:/Wettkampf/auswertung/grading/static/django_htmx/htmx.min.js, referer: http://192.168.220.136/grading/4/grade/?cid=18&did=3
[Sat Mar 14 10:38:38.161333 2026] [core:info] [pid 6116:tid 1132] [client 192.168.220.141:54506] AH00128: File does not exist: C:/Wettkampf/auswertung/grading/static/django_htmx/django-htmx.js, referer: http://192.168.220.136/grading/4/grade/?cid=18&did=3
[Sat Mar 14 10:38:58.537818 2026] [core:info] [pid 6116:tid 1132] [client 192.168.220.140:53376] AH00128: File does not exist: C:/Wettkampf/auswertung/grading/static/django_htmx/htmx.min.js, referer: http://192.168.220.136/grading/34/save_grade/
[Sat Mar 14 10:38:58.543887 2026] [core:info] [pid 6116:tid 1124] [client 192.168.220.140:53390] AH00128: File does not exist: C:/Wettkampf/auswertung/grading/static/django_htmx/django-htmx.js, referer: http://192.168.220.136/grading/34/save_grade/
[Sat Mar 14 10:39:08.797215 2026] [core:info] [pid 6116:tid 1124] [client 192.168.220.140:43718] AH00128: File does not exist: C:/Wettkampf/auswertung/grading/static/django_htmx/htmx.min.js, referer: http://192.168.220.136/grading/2/grade/?sid_search=2
[Sat Mar 14 10:39:08.815483 2026] [core:info] [pid 6116:tid 1132] [client 192.168.220.140:43730] AH00128: File does not exist: C:/Wettkampf/auswertung/grading/static/django_htmx/django-htmx.js, referer: http://192.168.220.136/grading/2/grade/?sid_search=2
[Sat Mar 14 10:39:22.207266 2026] [core:info] [pid 6116:tid 1132] [client 192.168.220.141:33734] AH00128: File does not exist: C:/Wettkampf/auswertung/grading/static/django_htmx/htmx.min.js, referer: http://192.168.220.136/grading/4/save_grade/
[Sat Mar 14 10:39:22.212358 2026] [core:info] [pid 6116:tid 1124] [client 192.168.220.141:35312] AH00128: File does not exist: C:/Wettkampf/auswertung/grading/static/django_htmx/django-htmx.js, referer: http://192.168.220.136/grading/4/save_grade/
[Sat Mar 14 10:39:38.289851 2026] [core:info] [pid 6116:tid 1132] [client 192.168.220.138:62650] AH00128: File does not exist: C:/Wettkampf/auswertung/grading/static/django_htmx/django-htmx.js, referer: http://192.168.220.136/grading/all_results/?cid=6
[Sat Mar 14 10:39:38.289851 2026] [core:info] [pid 6116:tid 1124] [client 192.168.220.138:62651] AH00128: File does not exist: C:/Wettkampf/auswertung/grading/static/django_htmx/htmx.min.js, referer: http://192.168.220.136/grading/all_results/?cid=6
[Sat Mar 14 10:39:38.643662 2026] [core:info] [pid 6116:tid 1132] [client 192.168.220.138:62650] AH00128: File does not exist: C:/Wettkampf/auswertung/grading/static/django_htmx/htmx.min.js, referer: http://192.168.220.136/grading/all_results/?cid=1
[Sat Mar 14 10:39:38.643662 2026] [core:info] [pid 6116:tid 1124] [client 192.168.220.138:62651] AH00128: File does not exist: C:/Wettkampf/auswertung/grading/static/django_htmx/django-htmx.js, referer: http://192.168.220.136/grading/all_results/?cid=1
[Sat Mar 14 10:39:39.314020 2026] [core:info] [pid 6116:tid 1124] [client 192.168.220.138:62651] AH00128: File does not exist: C:/Wettkampf/auswertung/grading/static/django_htmx/htmx.min.js, referer: http://192.168.220.136/grading/all_results/?cid=18
[Sat Mar 14 10:39:39.314020 2026] [core:info] [pid 6116:tid 1132] [client 192.168.220.138:62650] AH00128: File does not exist: C:/Wettkampf/auswertung/grading/static/django_htmx/django-htmx.js, referer: http://192.168.220.136/grading/all_results/?cid=18
[Sat Mar 14 10:39:42.283969 2026] [core:info] [pid 6116:tid 1152] [client 192.168.220.141:60358] AH00128: File does not exist: C:/Wettkampf/auswertung/grading/static/django_htmx/htmx.min.js, referer: http://192.168.220.136/grading/
[Sat Mar 14 10:39:42.302179 2026] [core:info] [pid 6116:tid 1136] [client 192.168.220.141:60366] AH00128: File does not exist: C:/Wettkampf/auswertung/grading/static/django_htmx/django-htmx.js, referer: http://192.168.220.136/grading/
[Sat Mar 14 10:40:34.288631 2026] [core:info] [pid 6116:tid 1152] [client 192.168.220.142:51970] AH00128: File does not exist: C:/Wettkampf/auswertung/grading/static/django_htmx/htmx.min.js, referer: http://192.168.220.136/grading/36/save_grade/
[Sat Mar 14 10:40:34.296819 2026] [core:info] [pid 6116:tid 1136] [client 192.168.220.142:40488] AH00128: File does not exist: C:/Wettkampf/auswertung/grading/static/django_htmx/django-htmx.js, referer: http://192.168.220.136/grading/36/save_grade/
[Sat Mar 14 10:40:43.914310 2026] [core:info] [pid 6116:tid 1136] [client 192.168.220.142:40492] AH00128: File does not exist: C:/Wettkampf/auswertung/grading/static/django_htmx/htmx.min.js, referer: http://192.168.220.136/grading/24/grade/?sid_search=24
[Sat Mar 14 10:40:43.937902 2026] [core:info] [pid 6116:tid 1152] [client 192.168.220.142:40494] AH00128: File does not exist: C:/Wettkampf/auswertung/grading/static/django_htmx/django-htmx.js, referer: http://192.168.220.136/grading/24/grade/?sid_search=24
[Sat Mar 14 10:41:01.161000 2026] [core:info] [pid 6116:tid 1152] [client 192.168.220.139:39256] AH00128: File does not exist: C:/Wettkampf/auswertung/grading/static/django_htmx/htmx.min.js, referer: http://192.168.220.136/grading/6/grade/?sid_search=6
[Sat Mar 14 10:41:01.161000 2026] [core:info] [pid 6116:tid 1136] [client 192.168.220.139:39270] AH00128: File does not exist: C:/Wettkampf/auswertung/grading/static/django_htmx/django-htmx.js, referer: http://192.168.220.136/grading/6/grade/?sid_search=6
[Sat Mar 14 10:41:02.835265 2026] [core:info] [pid 6116:tid 1132] [client 192.168.220.144:57478] AH00128: File does not exist: C:/Wettkampf/auswertung/grading/static/django_htmx/htmx.min.js, referer: http://192.168.220.136/grading/
[Sat Mar 14 10:41:02.845249 2026] [core:info] [pid 6116:tid 1124] [client 192.168.220.144:57482] AH00128: File does not exist: C:/Wettkampf/auswertung/grading/static/django_htmx/django-htmx.js, referer: http://192.168.220.136/grading/
[Sat Mar 14 10:41:08.061893 2026] [core:info] [pid 6116:tid 1132] [client 192.168.220.144:58284] AH00128: File does not exist: C:/Wettkampf/auswertung/grading/static/django_htmx/htmx.min.js, referer: http://192.168.220.136/grading/101/
[Sat Mar 14 10:41:08.089326 2026] [core:info] [pid 6116:tid 1124] [client 192.168.220.144:58292] AH00128: File does not exist: C:/Wettkampf/auswertung/grading/static/django_htmx/django-htmx.js, referer: http://192.168.220.136/grading/101/
[Sat Mar 14 10:41:12.162036 2026] [core:info] [pid 6116:tid 1124] [client 192.168.220.144:58292] AH00128: File does not exist: C:/Wettkampf/auswertung/grading/static/django_htmx/htmx.min.js, referer: http://192.168.220.136/grading/101/grade/?cid=1&did=6
[Sat Mar 14 10:41:12.164067 2026] [core:info] [pid 6116:tid 1132] [client 192.168.220.144:58284] AH00128: File does not exist: C:/Wettkampf/auswertung/grading/static/django_htmx/django-htmx.js, referer: http://192.168.220.136/grading/101/grade/?cid=1&did=6
[Sat Mar 14 10:41:26.383191 2026] [core:info] [pid 6116:tid 1132] [client 192.168.220.140:52700] AH00128: File does not exist: C:/Wettkampf/auswertung/grading/static/django_htmx/htmx.min.js, referer: http://192.168.220.136/grading/2/save_grade/
[Sat Mar 14 10:41:26.419203 2026] [core:info] [pid 6116:tid 1132] [client 192.168.220.140:52700] AH00128: File does not exist: C:/Wettkampf/auswertung/grading/static/django_htmx/django-htmx.js, referer: http://192.168.220.136/grading/2/save_grade/
[Sat Mar 14 10:41:39.882349 2026] [core:info] [pid 6116:tid 1124] [client 192.168.220.140:52706] AH00128: File does not exist: C:/Wettkampf/auswertung/grading/static/django_htmx/htmx.min.js, referer: http://192.168.220.136/grading/17/grade/?sid_search=17
[Sat Mar 14 10:41:39.884379 2026] [core:info] [pid 6116:tid 1132] [client 192.168.220.140:54834] AH00128: File does not exist: C:/Wettkampf/auswertung/grading/static/django_htmx/django-htmx.js, referer: http://192.168.220.136/grading/17/grade/?sid_search=17
[Sat Mar 14 10:42:00.215724 2026] [core:info] [pid 6116:tid 1124] [client 192.168.220.139:45178] AH00128: File does not exist: C:/Wettkampf/auswertung/grading/static/django_htmx/htmx.min.js, referer: http://192.168.220.136/grading/6/save_grade/
[Sat Mar 14 10:42:00.229368 2026] [core:info] [pid 6116:tid 1124] [client 192.168.220.139:45178] AH00128: File does not exist: C:/Wettkampf/auswertung/grading/static/django_htmx/django-htmx.js, referer: http://192.168.220.136/grading/6/save_grade/
[Sat Mar 14 10:42:10.463735 2026] [core:info] [pid 6116:tid 1132] [client 192.168.220.139:41998] AH00128: File does not exist: C:/Wettkampf/auswertung/grading/static/django_htmx/htmx.min.js, referer: http://192.168.220.136/grading/7/grade/?sid_search=7
[Sat Mar 14 10:42:10.473615 2026] [core:info] [pid 6116:tid 1124] [client 192.168.220.139:42008] AH00128: File does not exist: C:/Wettkampf/auswertung/grading/static/django_htmx/django-htmx.js, referer: http://192.168.220.136/grading/7/grade/?sid_search=7
[Sat Mar 14 10:42:45.866174 2026] [core:info] [pid 6116:tid 1124] [client 192.168.220.140:32954] AH00128: File does not exist: C:/Wettkampf/auswertung/grading/static/django_htmx/htmx.min.js, referer: http://192.168.220.136/grading/17/save_grade/
[Sat Mar 14 10:42:45.867203 2026] [core:info] [pid 6116:tid 1132] [client 192.168.220.140:32960] AH00128: File does not exist: C:/Wettkampf/auswertung/grading/static/django_htmx/django-htmx.js, referer: http://192.168.220.136/grading/17/save_grade/
[Sat Mar 14 10:43:01.234095 2026] [core:info] [pid 6116:tid 1124] [client 192.168.220.140:45322] AH00128: File does not exist: C:/Wettkampf/auswertung/grading/static/django_htmx/htmx.min.js, referer: http://192.168.220.136/grading/19/grade/?sid_search=19
[Sat Mar 14 10:43:01.246263 2026] [core:info] [pid 6116:tid 1132] [client 192.168.220.140:45090] AH00128: File does not exist: C:/Wettkampf/auswertung/grading/static/django_htmx/django-htmx.js, referer: http://192.168.220.136/grading/19/grade/?sid_search=19
[Sat Mar 14 10:43:20.793027 2026] [wsgi:error] [pid 6116:tid 1132] [client 192.168.220.139:57194] Internal Server Error: /grading/7/save_grade/\r, referer: http://192.168.220.136/grading/7/grade/?sid_search=7
[Sat Mar 14 10:43:20.793027 2026] [wsgi:error] [pid 6116:tid 1132] [client 192.168.220.139:57194] Traceback (most recent call last):\r, referer: http://192.168.220.136/grading/7/grade/?sid_search=7
[Sat Mar 14 10:43:20.793027 2026] [wsgi:error] [pid 6116:tid 1132] [client 192.168.220.139:57194]   File "C:\\Users\\Besitzer\\AppData\\Local\\Python\\pythoncore-3.14-64\\Lib\\site-packages\\django\\core\\handlers\\exception.py", line 55, in inner\r, referer: http://192.168.220.136/grading/7/grade/?sid_search=7
[Sat Mar 14 10:43:20.793027 2026] [wsgi:error] [pid 6116:tid 1132] [client 192.168.220.139:57194]     response = get_response(request)\r, referer: http://192.168.220.136/grading/7/grade/?sid_search=7
[Sat Mar 14 10:43:20.793027 2026] [wsgi:error] [pid 6116:tid 1132] [client 192.168.220.139:57194]   File "C:\\Users\\Besitzer\\AppData\\Local\\Python\\pythoncore-3.14-64\\Lib\\site-packages\\django\\core\\handlers\\base.py", line 198, in _get_response\r, referer: http://192.168.220.136/grading/7/grade/?sid_search=7
[Sat Mar 14 10:43:20.793027 2026] [wsgi:error] [pid 6116:tid 1132] [client 192.168.220.139:57194]     response = wrapped_callback(request, *callback_args, **callback_kwargs)\r, referer: http://192.168.220.136/grading/7/grade/?sid_search=7
[Sat Mar 14 10:43:20.793027 2026] [wsgi:error] [pid 6116:tid 1132] [client 192.168.220.139:57194]   File "C:\\Users\\Besitzer\\AppData\\Local\\Python\\pythoncore-3.14-64\\Lib\\site-packages\\django\\contrib\\auth\\decorators.py", line 59, in _view_wrapper\r, referer: http://192.168.220.136/grading/7/grade/?sid_search=7
[Sat Mar 14 10:43:20.793027 2026] [wsgi:error] [pid 6116:tid 1132] [client 192.168.220.139:57194]     return view_func(request, *args, **kwargs)\r, referer: http://192.168.220.136/grading/7/grade/?sid_search=7
[Sat Mar 14 10:43:20.793027 2026] [wsgi:error] [pid 6116:tid 1132] [client 192.168.220.139:57194]   File "C:\\Wettkampf/auswertung\\grading\\views.py", line 405, in save_grade\r, referer: http://192.168.220.136/grading/7/grade/?sid_search=7
[Sat Mar 14 10:43:20.793027 2026] [wsgi:error] [pid 6116:tid 1132] [client 192.168.220.139:57194]     grading = Grading.objects.get(athlete_id=athlete_id, competition_id=request.POST["cid"], discipline_id=request.POST["did"])\r, referer: http://192.168.220.136/grading/7/grade/?sid_search=7
[Sat Mar 14 10:43:20.793027 2026] [wsgi:error] [pid 6116:tid 1132] [client 192.168.220.139:57194]   File "C:\\Users\\Besitzer\\AppData\\Local\\Python\\pythoncore-3.14-64\\Lib\\site-packages\\django\\db\\models\\manager.py", line 87, in manager_method\r, referer: http://192.168.220.136/grading/7/grade/?sid_search=7
[Sat Mar 14 10:43:20.793027 2026] [wsgi:error] [pid 6116:tid 1132] [client 192.168.220.139:57194]     return getattr(self.get_queryset(), name)(*args, **kwargs)\r, referer: http://192.168.220.136/grading/7/grade/?sid_search=7
[Sat Mar 14 10:43:20.793027 2026] [wsgi:error] [pid 6116:tid 1132] [client 192.168.220.139:57194]            ~~~~~~~~~~~~~~~~~~~~~~~~~~~~~~~~~~^^^^^^^^^^^^^^^^^\r, referer: http://192.168.220.136/grading/7/grade/?sid_search=7
[Sat Mar 14 10:43:20.793027 2026] [wsgi:error] [pid 6116:tid 1132] [client 192.168.220.139:57194]   File "C:\\Users\\Besitzer\\AppData\\Local\\Python\\pythoncore-3.14-64\\Lib\\site-packages\\django\\db\\models\\query.py", line 642, in get\r, referer: http://192.168.220.136/grading/7/grade/?sid_search=7
[Sat Mar 14 10:43:20.793027 2026] [wsgi:error] [pid 6116:tid 1132] [client 192.168.220.139:57194]     raise self.model.MultipleObjectsReturned(\r, referer: http://192.168.220.136/grading/7/grade/?sid_search=7
[Sat Mar 14 10:43:20.793027 2026] [wsgi:error] [pid 6116:tid 1132] [client 192.168.220.139:57194]     ...<5 lines>...\r, referer: http://192.168.220.136/grading/7/grade/?sid_search=7
[Sat Mar 14 10:43:20.793027 2026] [wsgi:error] [pid 6116:tid 1132] [client 192.168.220.139:57194]     )\r, referer: http://192.168.220.136/grading/7/grade/?sid_search=7
[Sat Mar 14 10:43:20.793027 2026] [wsgi:error] [pid 6116:tid 1132] [client 192.168.220.139:57194] grading.models.Grading.MultipleObjectsReturned: get() returned more than one Grading -- it returned 2!\r, referer: http://192.168.220.136/grading/7/grade/?sid_search=7
[Sat Mar 14 10:43:42.799887 2026] [core:info] [pid 6116:tid 1132] [client 192.168.220.140:36694] AH00128: File does not exist: C:/Wettkampf/auswertung/grading/static/django_htmx/htmx.min.js, referer: http://192.168.220.136/grading/19/save_grade/
[Sat Mar 14 10:43:42.799887 2026] [core:info] [pid 6116:tid 1136] [client 192.168.220.140:36708] AH00128: File does not exist: C:/Wettkampf/auswertung/grading/static/django_htmx/django-htmx.js, referer: http://192.168.220.136/grading/19/save_grade/
[Sat Mar 14 10:43:43.318608 2026] [core:info] [pid 6116:tid 1124] [client 192.168.220.142:49410] AH00128: File does not exist: C:/Wettkampf/auswertung/grading/static/django_htmx/htmx.min.js, referer: http://192.168.220.136/grading/24/save_grade/
[Sat Mar 14 10:43:43.318608 2026] [core:info] [pid 6116:tid 1152] [client 192.168.220.142:49414] AH00128: File does not exist: C:/Wettkampf/auswertung/grading/static/django_htmx/django-htmx.js, referer: http://192.168.220.136/grading/24/save_grade/
[Sat Mar 14 10:43:49.733493 2026] [core:info] [pid 6116:tid 1152] [client 192.168.220.142:49414] AH00128: File does not exist: C:/Wettkampf/auswertung/grading/static/django_htmx/htmx.min.js, referer: http://192.168.220.136/grading/25/grade/?sid_search=25
[Sat Mar 14 10:43:49.745942 2026] [core:info] [pid 6116:tid 1152] [client 192.168.220.142:49414] AH00128: File does not exist: C:/Wettkampf/auswertung/grading/static/django_htmx/django-htmx.js, referer: http://192.168.220.136/grading/25/grade/?sid_search=25
[Sat Mar 14 10:44:09.738611 2026] [reqtimeout:info] [pid 6116:tid 1124] [client 192.168.220.142:37442] AH01382: Request header read timeout
[Sat Mar 14 10:44:17.813944 2026] [wsgi:error] [pid 6116:tid 1124] [client 192.168.220.139:36354] Internal Server Error: /grading/7/save_grade/\r, referer: http://192.168.220.136/grading/7/grade/?sid_search=7
[Sat Mar 14 10:44:17.813944 2026] [wsgi:error] [pid 6116:tid 1124] [client 192.168.220.139:36354] Traceback (most recent call last):\r, referer: http://192.168.220.136/grading/7/grade/?sid_search=7
[Sat Mar 14 10:44:17.813944 2026] [wsgi:error] [pid 6116:tid 1124] [client 192.168.220.139:36354]   File "C:\\Users\\Besitzer\\AppData\\Local\\Python\\pythoncore-3.14-64\\Lib\\site-packages\\django\\core\\handlers\\exception.py", line 55, in inner\r, referer: http://192.168.220.136/grading/7/grade/?sid_search=7
[Sat Mar 14 10:44:17.813944 2026] [wsgi:error] [pid 6116:tid 1124] [client 192.168.220.139:36354]     response = get_response(request)\r, referer: http://192.168.220.136/grading/7/grade/?sid_search=7
[Sat Mar 14 10:44:17.813944 2026] [wsgi:error] [pid 6116:tid 1124] [client 192.168.220.139:36354]   File "C:\\Users\\Besitzer\\AppData\\Local\\Python\\pythoncore-3.14-64\\Lib\\site-packages\\django\\core\\handlers\\base.py", line 198, in _get_response\r, referer: http://192.168.220.136/grading/7/grade/?sid_search=7
[Sat Mar 14 10:44:17.813944 2026] [wsgi:error] [pid 6116:tid 1124] [client 192.168.220.139:36354]     response = wrapped_callback(request, *callback_args, **callback_kwargs)\r, referer: http://192.168.220.136/grading/7/grade/?sid_search=7
[Sat Mar 14 10:44:17.813944 2026] [wsgi:error] [pid 6116:tid 1124] [client 192.168.220.139:36354]   File "C:\\Users\\Besitzer\\AppData\\Local\\Python\\pythoncore-3.14-64\\Lib\\site-packages\\django\\contrib\\auth\\decorators.py", line 59, in _view_wrapper\r, referer: http://192.168.220.136/grading/7/grade/?sid_search=7
[Sat Mar 14 10:44:17.813944 2026] [wsgi:error] [pid 6116:tid 1124] [client 192.168.220.139:36354]     return view_func(request, *args, **kwargs)\r, referer: http://192.168.220.136/grading/7/grade/?sid_search=7
[Sat Mar 14 10:44:17.813944 2026] [wsgi:error] [pid 6116:tid 1124] [client 192.168.220.139:36354]   File "C:\\Wettkampf/auswertung\\grading\\views.py", line 405, in save_grade\r, referer: http://192.168.220.136/grading/7/grade/?sid_search=7
[Sat Mar 14 10:44:17.813944 2026] [wsgi:error] [pid 6116:tid 1124] [client 192.168.220.139:36354]     grading = Grading.objects.get(athlete_id=athlete_id, competition_id=request.POST["cid"], discipline_id=request.POST["did"])\r, referer: http://192.168.220.136/grading/7/grade/?sid_search=7
[Sat Mar 14 10:44:17.813944 2026] [wsgi:error] [pid 6116:tid 1124] [client 192.168.220.139:36354]   File "C:\\Users\\Besitzer\\AppData\\Local\\Python\\pythoncore-3.14-64\\Lib\\site-packages\\django\\db\\models\\manager.py", line 87, in manager_method\r, referer: http://192.168.220.136/grading/7/grade/?sid_search=7
[Sat Mar 14 10:44:17.813944 2026] [wsgi:error] [pid 6116:tid 1124] [client 192.168.220.139:36354]     return getattr(self.get_queryset(), name)(*args, **kwargs)\r, referer: http://192.168.220.136/grading/7/grade/?sid_search=7
[Sat Mar 14 10:44:17.813944 2026] [wsgi:error] [pid 6116:tid 1124] [client 192.168.220.139:36354]            ~~~~~~~~~~~~~~~~~~~~~~~~~~~~~~~~~~^^^^^^^^^^^^^^^^^\r, referer: http://192.168.220.136/grading/7/grade/?sid_search=7
[Sat Mar 14 10:44:17.813944 2026] [wsgi:error] [pid 6116:tid 1124] [client 192.168.220.139:36354]   File "C:\\Users\\Besitzer\\AppData\\Local\\Python\\pythoncore-3.14-64\\Lib\\site-packages\\django\\db\\models\\query.py", line 642, in get\r, referer: http://192.168.220.136/grading/7/grade/?sid_search=7
[Sat Mar 14 10:44:17.813944 2026] [wsgi:error] [pid 6116:tid 1124] [client 192.168.220.139:36354]     raise self.model.MultipleObjectsReturned(\r, referer: http://192.168.220.136/grading/7/grade/?sid_search=7
[Sat Mar 14 10:44:17.813944 2026] [wsgi:error] [pid 6116:tid 1124] [client 192.168.220.139:36354]     ...<5 lines>...\r, referer: http://192.168.220.136/grading/7/grade/?sid_search=7
[Sat Mar 14 10:44:17.813944 2026] [wsgi:error] [pid 6116:tid 1124] [client 192.168.220.139:36354]     )\r, referer: http://192.168.220.136/grading/7/grade/?sid_search=7
[Sat Mar 14 10:44:17.813944 2026] [wsgi:error] [pid 6116:tid 1124] [client 192.168.220.139:36354] grading.models.Grading.MultipleObjectsReturned: get() returned more than one Grading -- it returned 2!\r, referer: http://192.168.220.136/grading/7/grade/?sid_search=7
[Sat Mar 14 10:44:24.370914 2026] [core:info] [pid 6116:tid 1124] [client 192.168.220.142:47206] AH00128: File does not exist: C:/Wettkampf/auswertung/grading/static/django_htmx/htmx.min.js, referer: http://192.168.220.136/grading/25/save_grade/
[Sat Mar 14 10:44:24.372939 2026] [core:info] [pid 6116:tid 1152] [client 192.168.220.142:57140] AH00128: File does not exist: C:/Wettkampf/auswertung/grading/static/django_htmx/django-htmx.js, referer: http://192.168.220.136/grading/25/save_grade/
[Sat Mar 14 10:44:29.961880 2026] [core:info] [pid 6116:tid 1152] [client 192.168.220.142:57140] AH00128: File does not exist: C:/Wettkampf/auswertung/grading/static/django_htmx/htmx.min.js, referer: http://192.168.220.136/grading/27/grade/?sid_search=27
[Sat Mar 14 10:44:29.977434 2026] [core:info] [pid 6116:tid 1124] [client 192.168.220.142:57146] AH00128: File does not exist: C:/Wettkampf/auswertung/grading/static/django_htmx/django-htmx.js, referer: http://192.168.220.136/grading/27/grade/?sid_search=27
[Sat Mar 14 10:44:30.096012 2026] [core:info] [pid 6116:tid 1132] [client 192.168.220.144:34108] AH00128: File does not exist: C:/Wettkampf/auswertung/grading/static/django_htmx/htmx.min.js, referer: http://192.168.220.136/grading/101/save_grade/
[Sat Mar 14 10:44:30.109910 2026] [core:info] [pid 6116:tid 1136] [client 192.168.220.144:34124] AH00128: File does not exist: C:/Wettkampf/auswertung/grading/static/django_htmx/django-htmx.js, referer: http://192.168.220.136/grading/101/save_grade/
[Sat Mar 14 10:44:39.312958 2026] [core:info] [pid 6116:tid 1136] [client 192.168.220.144:57328] AH00128: File does not exist: C:/Wettkampf/auswertung/grading/static/django_htmx/htmx.min.js, referer: http://192.168.220.136/grading/
[Sat Mar 14 10:44:39.312958 2026] [core:info] [pid 6116:tid 1132] [client 192.168.220.144:57334] AH00128: File does not exist: C:/Wettkampf/auswertung/grading/static/django_htmx/django-htmx.js, referer: http://192.168.220.136/grading/
[Sat Mar 14 10:44:43.643730 2026] [core:info] [pid 6116:tid 1132] [client 192.168.220.144:57334] AH00128: File does not exist: C:/Wettkampf/auswertung/grading/static/django_htmx/htmx.min.js, referer: http://192.168.220.136/grading/102/
[Sat Mar 14 10:44:43.667701 2026] [core:info] [pid 6116:tid 1136] [client 192.168.220.144:57328] AH00128: File does not exist: C:/Wettkampf/auswertung/grading/static/django_htmx/django-htmx.js, referer: http://192.168.220.136/grading/102/
[Sat Mar 14 10:44:51.144336 2026] [core:info] [pid 6116:tid 1124] [client 192.168.220.140:46150] AH00128: File does not exist: C:/Wettkampf/auswertung/grading/static/django_htmx/htmx.min.js, referer: http://192.168.220.136/grading/28/grade/?sid_search=28
[Sat Mar 14 10:44:51.160089 2026] [core:info] [pid 6116:tid 1136] [client 192.168.220.140:47412] AH00128: File does not exist: C:/Wettkampf/auswertung/grading/static/django_htmx/django-htmx.js, referer: http://192.168.220.136/grading/28/grade/?sid_search=28
[Sat Mar 14 10:44:53.843148 2026] [wsgi:error] [pid 6116:tid 1132] [client 192.168.220.139:57068] Internal Server Error: /grading/7/save_grade/\r, referer: http://192.168.220.136/grading/7/grade/?sid_search=7
[Sat Mar 14 10:44:53.843148 2026] [wsgi:error] [pid 6116:tid 1132] [client 192.168.220.139:57068] Traceback (most recent call last):\r, referer: http://192.168.220.136/grading/7/grade/?sid_search=7
[Sat Mar 14 10:44:53.843148 2026] [wsgi:error] [pid 6116:tid 1132] [client 192.168.220.139:57068]   File "C:\\Users\\Besitzer\\AppData\\Local\\Python\\pythoncore-3.14-64\\Lib\\site-packages\\django\\core\\handlers\\exception.py", line 55, in inner\r, referer: http://192.168.220.136/grading/7/grade/?sid_search=7
[Sat Mar 14 10:44:53.843148 2026] [wsgi:error] [pid 6116:tid 1132] [client 192.168.220.139:57068]     response = get_response(request)\r, referer: http://192.168.220.136/grading/7/grade/?sid_search=7
[Sat Mar 14 10:44:53.843148 2026] [wsgi:error] [pid 6116:tid 1132] [client 192.168.220.139:57068]   File "C:\\Users\\Besitzer\\AppData\\Local\\Python\\pythoncore-3.14-64\\Lib\\site-packages\\django\\core\\handlers\\base.py", line 198, in _get_response\r, referer: http://192.168.220.136/grading/7/grade/?sid_search=7
[Sat Mar 14 10:44:53.843148 2026] [wsgi:error] [pid 6116:tid 1132] [client 192.168.220.139:57068]     response = wrapped_callback(request, *callback_args, **callback_kwargs)\r, referer: http://192.168.220.136/grading/7/grade/?sid_search=7
[Sat Mar 14 10:44:53.843148 2026] [wsgi:error] [pid 6116:tid 1132] [client 192.168.220.139:57068]   File "C:\\Users\\Besitzer\\AppData\\Local\\Python\\pythoncore-3.14-64\\Lib\\site-packages\\django\\contrib\\auth\\decorators.py", line 59, in _view_wrapper\r, referer: http://192.168.220.136/grading/7/grade/?sid_search=7
[Sat Mar 14 10:44:53.843148 2026] [wsgi:error] [pid 6116:tid 1132] [client 192.168.220.139:57068]     return view_func(request, *args, **kwargs)\r, referer: http://192.168.220.136/grading/7/grade/?sid_search=7
[Sat Mar 14 10:44:53.843148 2026] [wsgi:error] [pid 6116:tid 1132] [client 192.168.220.139:57068]   File "C:\\Wettkampf/auswertung\\grading\\views.py", line 405, in save_grade\r, referer: http://192.168.220.136/grading/7/grade/?sid_search=7
[Sat Mar 14 10:44:53.843148 2026] [wsgi:error] [pid 6116:tid 1132] [client 192.168.220.139:57068]     grading = Grading.objects.get(athlete_id=athlete_id, competition_id=request.POST["cid"], discipline_id=request.POST["did"])\r, referer: http://192.168.220.136/grading/7/grade/?sid_search=7
[Sat Mar 14 10:44:53.843148 2026] [wsgi:error] [pid 6116:tid 1132] [client 192.168.220.139:57068]   File "C:\\Users\\Besitzer\\AppData\\Local\\Python\\pythoncore-3.14-64\\Lib\\site-packages\\django\\db\\models\\manager.py", line 87, in manager_method\r, referer: http://192.168.220.136/grading/7/grade/?sid_search=7
[Sat Mar 14 10:44:53.843148 2026] [wsgi:error] [pid 6116:tid 1132] [client 192.168.220.139:57068]     return getattr(self.get_queryset(), name)(*args, **kwargs)\r, referer: http://192.168.220.136/grading/7/grade/?sid_search=7
[Sat Mar 14 10:44:53.843148 2026] [wsgi:error] [pid 6116:tid 1132] [client 192.168.220.139:57068]            ~~~~~~~~~~~~~~~~~~~~~~~~~~~~~~~~~~^^^^^^^^^^^^^^^^^\r, referer: http://192.168.220.136/grading/7/grade/?sid_search=7
[Sat Mar 14 10:44:53.843148 2026] [wsgi:error] [pid 6116:tid 1132] [client 192.168.220.139:57068]   File "C:\\Users\\Besitzer\\AppData\\Local\\Python\\pythoncore-3.14-64\\Lib\\site-packages\\django\\db\\models\\query.py", line 642, in get\r, referer: http://192.168.220.136/grading/7/grade/?sid_search=7
[Sat Mar 14 10:44:53.843148 2026] [wsgi:error] [pid 6116:tid 1132] [client 192.168.220.139:57068]     raise self.model.MultipleObjectsReturned(\r, referer: http://192.168.220.136/grading/7/grade/?sid_search=7
[Sat Mar 14 10:44:53.843148 2026] [wsgi:error] [pid 6116:tid 1132] [client 192.168.220.139:57068]     ...<5 lines>...\r, referer: http://192.168.220.136/grading/7/grade/?sid_search=7
[Sat Mar 14 10:44:53.843148 2026] [wsgi:error] [pid 6116:tid 1132] [client 192.168.220.139:57068]     )\r, referer: http://192.168.220.136/grading/7/grade/?sid_search=7
[Sat Mar 14 10:44:53.843148 2026] [wsgi:error] [pid 6116:tid 1132] [client 192.168.220.139:57068] grading.models.Grading.MultipleObjectsReturned: get() returned more than one Grading -- it returned 2!\r, referer: http://192.168.220.136/grading/7/grade/?sid_search=7
[Sat Mar 14 10:45:04.322242 2026] [core:info] [pid 6116:tid 1136] [client 192.168.220.140:53864] AH00128: File does not exist: C:/Wettkampf/auswertung/grading/static/django_htmx/htmx.min.js, referer: http://192.168.220.136/grading/28/save_grade/
[Sat Mar 14 10:45:04.335966 2026] [core:info] [pid 6116:tid 1132] [client 192.168.220.140:53866] AH00128: File does not exist: C:/Wettkampf/auswertung/grading/static/django_htmx/django-htmx.js, referer: http://192.168.220.136/grading/28/save_grade/
[Sat Mar 14 10:45:06.541653 2026] [core:info] [pid 6116:tid 1124] [client 192.168.220.144:38304] AH00128: File does not exist: C:/Wettkampf/auswertung/grading/static/django_htmx/htmx.min.js, referer: http://192.168.220.136/grading/102/grade/?cid=1&did=6
[Sat Mar 14 10:45:06.555009 2026] [core:info] [pid 6116:tid 1152] [client 192.168.220.144:38310] AH00128: File does not exist: C:/Wettkampf/auswertung/grading/static/django_htmx/django-htmx.js, referer: http://192.168.220.136/grading/102/grade/?cid=1&did=6
[Sat Mar 14 10:45:54.290997 2026] [core:info] [pid 6116:tid 1152] [client 192.168.220.139:47770] AH00128: File does not exist: C:/Wettkampf/auswertung/grading/static/django_htmx/htmx.min.js, referer: http://192.168.220.136/grading/8/grade/?sid_search=8
[Sat Mar 14 10:45:54.322918 2026] [core:info] [pid 6116:tid 1152] [client 192.168.220.139:47770] AH00128: File does not exist: C:/Wettkampf/auswertung/grading/static/django_htmx/django-htmx.js, referer: http://192.168.220.136/grading/8/grade/?sid_search=8
[Sat Mar 14 10:46:14.335009 2026] [reqtimeout:info] [pid 6116:tid 1124] [client 192.168.220.139:34188] AH01382: Request header read timeout
[Sat Mar 14 10:46:51.635154 2026] [core:info] [pid 6116:tid 1124] [client 192.168.220.140:50980] AH00128: File does not exist: C:/Wettkampf/auswertung/grading/static/django_htmx/htmx.min.js, referer: http://192.168.220.136/grading/16/grade/?sid_search=16
[Sat Mar 14 10:46:51.654862 2026] [core:info] [pid 6116:tid 1152] [client 192.168.220.140:34244] AH00128: File does not exist: C:/Wettkampf/auswertung/grading/static/django_htmx/django-htmx.js, referer: http://192.168.220.136/grading/16/grade/?sid_search=16
[Sat Mar 14 10:46:58.943063 2026] [core:info] [pid 6116:tid 1132] [client 192.168.220.139:57548] AH00128: File does not exist: C:/Wettkampf/auswertung/grading/static/django_htmx/htmx.min.js, referer: http://192.168.220.136/grading/8/save_grade/
[Sat Mar 14 10:46:58.947114 2026] [core:info] [pid 6116:tid 1152] [client 192.168.220.139:57558] AH00128: File does not exist: C:/Wettkampf/auswertung/grading/static/django_htmx/django-htmx.js, referer: http://192.168.220.136/grading/8/save_grade/
[Sat Mar 14 10:47:05.963583 2026] [core:info] [pid 6116:tid 1136] [client 192.168.220.144:49802] AH00128: File does not exist: C:/Wettkampf/auswertung/grading/static/django_htmx/htmx.min.js, referer: http://192.168.220.136/grading/102/save_grade/
[Sat Mar 14 10:47:05.963583 2026] [core:info] [pid 6116:tid 1152] [client 192.168.220.144:49812] AH00128: File does not exist: C:/Wettkampf/auswertung/grading/static/django_htmx/django-htmx.js, referer: http://192.168.220.136/grading/102/save_grade/
[Sat Mar 14 10:47:09.679620 2026] [core:info] [pid 6116:tid 1132] [client 192.168.220.139:33506] AH00128: File does not exist: C:/Wettkampf/auswertung/grading/static/django_htmx/htmx.min.js, referer: http://192.168.220.136/grading/7/grade/?sid_search=7
[Sat Mar 14 10:47:09.695458 2026] [core:info] [pid 6116:tid 1124] [client 192.168.220.139:33520] AH00128: File does not exist: C:/Wettkampf/auswertung/grading/static/django_htmx/django-htmx.js, referer: http://192.168.220.136/grading/7/grade/?sid_search=7
[Sat Mar 14 10:47:17.250836 2026] [core:info] [pid 6116:tid 1136] [client 192.168.220.144:36000] AH00128: File does not exist: C:/Wettkampf/auswertung/grading/static/django_htmx/htmx.min.js, referer: http://192.168.220.136/grading/
[Sat Mar 14 10:47:17.259431 2026] [core:info] [pid 6116:tid 1124] [client 192.168.220.144:35666] AH00128: File does not exist: C:/Wettkampf/auswertung/grading/static/django_htmx/django-htmx.js, referer: http://192.168.220.136/grading/
[Sat Mar 14 10:47:29.513638 2026] [core:info] [pid 6116:tid 1124] [client 192.168.220.140:39992] AH00128: File does not exist: C:/Wettkampf/auswertung/grading/static/django_htmx/htmx.min.js, referer: http://192.168.220.136/grading/16/save_grade/
[Sat Mar 14 10:47:29.520885 2026] [core:info] [pid 6116:tid 1136] [client 192.168.220.140:43184] AH00128: File does not exist: C:/Wettkampf/auswertung/grading/static/django_htmx/django-htmx.js, referer: http://192.168.220.136/grading/16/save_grade/
[Sat Mar 14 10:47:33.149045 2026] [wsgi:error] [pid 6116:tid 1132] [client 192.168.220.139:52426] Internal Server Error: /grading/7/save_grade/\r, referer: http://192.168.220.136/grading/7/grade/?sid_search=7
[Sat Mar 14 10:47:33.149045 2026] [wsgi:error] [pid 6116:tid 1132] [client 192.168.220.139:52426] Traceback (most recent call last):\r, referer: http://192.168.220.136/grading/7/grade/?sid_search=7
[Sat Mar 14 10:47:33.149045 2026] [wsgi:error] [pid 6116:tid 1132] [client 192.168.220.139:52426]   File "C:\\Users\\Besitzer\\AppData\\Local\\Python\\pythoncore-3.14-64\\Lib\\site-packages\\django\\core\\handlers\\exception.py", line 55, in inner\r, referer: http://192.168.220.136/grading/7/grade/?sid_search=7
[Sat Mar 14 10:47:33.149045 2026] [wsgi:error] [pid 6116:tid 1132] [client 192.168.220.139:52426]     response = get_response(request)\r, referer: http://192.168.220.136/grading/7/grade/?sid_search=7
[Sat Mar 14 10:47:33.149045 2026] [wsgi:error] [pid 6116:tid 1132] [client 192.168.220.139:52426]   File "C:\\Users\\Besitzer\\AppData\\Local\\Python\\pythoncore-3.14-64\\Lib\\site-packages\\django\\core\\handlers\\base.py", line 198, in _get_response\r, referer: http://192.168.220.136/grading/7/grade/?sid_search=7
[Sat Mar 14 10:47:33.149045 2026] [wsgi:error] [pid 6116:tid 1132] [client 192.168.220.139:52426]     response = wrapped_callback(request, *callback_args, **callback_kwargs)\r, referer: http://192.168.220.136/grading/7/grade/?sid_search=7
[Sat Mar 14 10:47:33.149045 2026] [wsgi:error] [pid 6116:tid 1132] [client 192.168.220.139:52426]   File "C:\\Users\\Besitzer\\AppData\\Local\\Python\\pythoncore-3.14-64\\Lib\\site-packages\\django\\contrib\\auth\\decorators.py", line 59, in _view_wrapper\r, referer: http://192.168.220.136/grading/7/grade/?sid_search=7
[Sat Mar 14 10:47:33.149045 2026] [wsgi:error] [pid 6116:tid 1132] [client 192.168.220.139:52426]     return view_func(request, *args, **kwargs)\r, referer: http://192.168.220.136/grading/7/grade/?sid_search=7
[Sat Mar 14 10:47:33.149045 2026] [wsgi:error] [pid 6116:tid 1132] [client 192.168.220.139:52426]   File "C:\\Wettkampf/auswertung\\grading\\views.py", line 405, in save_grade\r, referer: http://192.168.220.136/grading/7/grade/?sid_search=7
[Sat Mar 14 10:47:33.149045 2026] [wsgi:error] [pid 6116:tid 1132] [client 192.168.220.139:52426]     grading = Grading.objects.get(athlete_id=athlete_id, competition_id=request.POST["cid"], discipline_id=request.POST["did"])\r, referer: http://192.168.220.136/grading/7/grade/?sid_search=7
[Sat Mar 14 10:47:33.149045 2026] [wsgi:error] [pid 6116:tid 1132] [client 192.168.220.139:52426]   File "C:\\Users\\Besitzer\\AppData\\Local\\Python\\pythoncore-3.14-64\\Lib\\site-packages\\django\\db\\models\\manager.py", line 87, in manager_method\r, referer: http://192.168.220.136/grading/7/grade/?sid_search=7
[Sat Mar 14 10:47:33.149045 2026] [wsgi:error] [pid 6116:tid 1132] [client 192.168.220.139:52426]     return getattr(self.get_queryset(), name)(*args, **kwargs)\r, referer: http://192.168.220.136/grading/7/grade/?sid_search=7
[Sat Mar 14 10:47:33.149045 2026] [wsgi:error] [pid 6116:tid 1132] [client 192.168.220.139:52426]            ~~~~~~~~~~~~~~~~~~~~~~~~~~~~~~~~~~^^^^^^^^^^^^^^^^^\r, referer: http://192.168.220.136/grading/7/grade/?sid_search=7
[Sat Mar 14 10:47:33.149045 2026] [wsgi:error] [pid 6116:tid 1132] [client 192.168.220.139:52426]   File "C:\\Users\\Besitzer\\AppData\\Local\\Python\\pythoncore-3.14-64\\Lib\\site-packages\\django\\db\\models\\query.py", line 642, in get\r, referer: http://192.168.220.136/grading/7/grade/?sid_search=7
